02:26:00 **** Build of project mio_reader_bsp ****
make -k all 
"Running Make include in ps7_cortexa9_0/libsrc/coresightps_dcc_v1_4/src"
make -C ps7_cortexa9_0/libsrc/coresightps_dcc_v1_4/src -s include  "SHELL=CMD" "COMPILER=arm-none-eabi-gcc" "ARCHIVER=arm-none-eabi-ar" "COMPILER_FLAGS=  -O2 -c" "EXTRA_COMPILER_FLAGS=-mcpu=cortex-a9 -mfpu=vfpv3 -mfloat-abi=hard -nostartfiles -g -Wall -Wextra"
"Running Make include in ps7_cortexa9_0/libsrc/cpu_cortexa9_v2_6/src"
make -C ps7_cortexa9_0/libsrc/cpu_cortexa9_v2_6/src -s include  "SHELL=CMD" "COMPILER=arm-none-eabi-gcc" "ARCHIVER=arm-none-eabi-ar" "COMPILER_FLAGS=  -O2 -c" "EXTRA_COMPILER_FLAGS=-mcpu=cortex-a9 -mfpu=vfpv3 -mfloat-abi=hard -nostartfiles -g -Wall -Wextra"
"Running Make include in ps7_cortexa9_0/libsrc/ddrps_v1_0/src"
make -C ps7_cortexa9_0/libsrc/ddrps_v1_0/src -s include  "SHELL=CMD" "COMPILER=arm-none-eabi-gcc" "ARCHIVER=arm-none-eabi-ar" "COMPILER_FLAGS=  -O2 -c" "EXTRA_COMPILER_FLAGS=-mcpu=cortex-a9 -mfpu=vfpv3 -mfloat-abi=hard -nostartfiles -g -Wall -Wextra"
"Running Make include in ps7_cortexa9_0/libsrc/devcfg_v3_5/src"
make -C ps7_cortexa9_0/libsrc/devcfg_v3_5/src -s include  "SHELL=CMD" "COMPILER=arm-none-eabi-gcc" "ARCHIVER=arm-none-eabi-ar" "COMPILER_FLAGS=  -O2 -c" "EXTRA_COMPILER_FLAGS=-mcpu=cortex-a9 -mfpu=vfpv3 -mfloat-abi=hard -nostartfiles -g -Wall -Wextra"
"Running Make include in ps7_cortexa9_0/libsrc/dmaps_v2_3/src"
make -C ps7_cortexa9_0/libsrc/dmaps_v2_3/src -s include  "SHELL=CMD" "COMPILER=arm-none-eabi-gcc" "ARCHIVER=arm-none-eabi-ar" "COMPILER_FLAGS=  -O2 -c" "EXTRA_COMPILER_FLAGS=-mcpu=cortex-a9 -mfpu=vfpv3 -mfloat-abi=hard -nostartfiles -g -Wall -Wextra"
"Running Make include in ps7_cortexa9_0/libsrc/emacps_v3_7/src"
make -C ps7_cortexa9_0/libsrc/emacps_v3_7/src -s include  "SHELL=CMD" "COMPILER=arm-none-eabi-gcc" "ARCHIVER=arm-none-eabi-ar" "COMPILER_FLAGS=  -O2 -c" "EXTRA_COMPILER_FLAGS=-mcpu=cortex-a9 -mfpu=vfpv3 -mfloat-abi=hard -nostartfiles -g -Wall -Wextra"
"Running Make include in ps7_cortexa9_0/libsrc/gpio_v4_3/src"
make -C ps7_cortexa9_0/libsrc/gpio_v4_3/src -s include  "SHELL=CMD" "COMPILER=arm-none-eabi-gcc" "ARCHIVER=arm-none-eabi-ar" "COMPILER_FLAGS=  -O2 -c" "EXTRA_COMPILER_FLAGS=-mcpu=cortex-a9 -mfpu=vfpv3 -mfloat-abi=hard -nostartfiles -g -Wall -Wextra"
"Running Make include in ps7_cortexa9_0/libsrc/gpiops_v3_3/src"
make -C ps7_cortexa9_0/libsrc/gpiops_v3_3/src -s include  "SHELL=CMD" "COMPILER=arm-none-eabi-gcc" "ARCHIVER=arm-none-eabi-ar" "COMPILER_FLAGS=  -O2 -c" "EXTRA_COMPILER_FLAGS=-mcpu=cortex-a9 -mfpu=vfpv3 -mfloat-abi=hard -nostartfiles -g -Wall -Wextra"
"Running Make include in ps7_cortexa9_0/libsrc/qspips_v3_4/src"
make -C ps7_cortexa9_0/libsrc/qspips_v3_4/src -s include  "SHELL=CMD" "COMPILER=arm-none-eabi-gcc" "ARCHIVER=arm-none-eabi-ar" "COMPILER_FLAGS=  -O2 -c" "EXTRA_COMPILER_FLAGS=-mcpu=cortex-a9 -mfpu=vfpv3 -mfloat-abi=hard -nostartfiles -g -Wall -Wextra"
"Running Make include in ps7_cortexa9_0/libsrc/scugic_v3_9/src"
make -C ps7_cortexa9_0/libsrc/scugic_v3_9/src -s include  "SHELL=CMD" "COMPILER=arm-none-eabi-gcc" "ARCHIVER=arm-none-eabi-ar" "COMPILER_FLAGS=  -O2 -c" "EXTRA_COMPILER_FLAGS=-mcpu=cortex-a9 -mfpu=vfpv3 -mfloat-abi=hard -nostartfiles -g -Wall -Wextra"
"Running Make include in ps7_cortexa9_0/libsrc/scutimer_v2_1/src"
make -C ps7_cortexa9_0/libsrc/scutimer_v2_1/src -s include  "SHELL=CMD" "COMPILER=arm-none-eabi-gcc" "ARCHIVER=arm-none-eabi-ar" "COMPILER_FLAGS=  -O2 -c" "EXTRA_COMPILER_FLAGS=-mcpu=cortex-a9 -mfpu=vfpv3 -mfloat-abi=hard -nostartfiles -g -Wall -Wextra"
"Running Make include in ps7_cortexa9_0/libsrc/scuwdt_v2_1/src"
make -C ps7_cortexa9_0/libsrc/scuwdt_v2_1/src -s include  "SHELL=CMD" "COMPILER=arm-none-eabi-gcc" "ARCHIVER=arm-none-eabi-ar" "COMPILER_FLAGS=  -O2 -c" "EXTRA_COMPILER_FLAGS=-mcpu=cortex-a9 -mfpu=vfpv3 -mfloat-abi=hard -nostartfiles -g -Wall -Wextra"
"Running Make include in ps7_cortexa9_0/libsrc/sdps_v3_5/src"
make -C ps7_cortexa9_0/libsrc/sdps_v3_5/src -s include  "SHELL=CMD" "COMPILER=arm-none-eabi-gcc" "ARCHIVER=arm-none-eabi-ar" "COMPILER_FLAGS=  -O2 -c" "EXTRA_COMPILER_FLAGS=-mcpu=cortex-a9 -mfpu=vfpv3 -mfloat-abi=hard -nostartfiles -g -Wall -Wextra"
"Running Make include in ps7_cortexa9_0/libsrc/standalone_v6_7/src"
make -C ps7_cortexa9_0/libsrc/standalone_v6_7/src -s include  "SHELL=CMD" "COMPILER=arm-none-eabi-gcc" "ARCHIVER=arm-none-eabi-ar" "COMPILER_FLAGS=  -O2 -c" "EXTRA_COMPILER_FLAGS=-mcpu=cortex-a9 -mfpu=vfpv3 -mfloat-abi=hard -nostartfiles -g -Wall -Wextra"
"Running Make include in ps7_cortexa9_0/libsrc/ttcps_v3_6/src"
make -C ps7_cortexa9_0/libsrc/ttcps_v3_6/src -s include  "SHELL=CMD" "COMPILER=arm-none-eabi-gcc" "ARCHIVER=arm-none-eabi-ar" "COMPILER_FLAGS=  -O2 -c" "EXTRA_COMPILER_FLAGS=-mcpu=cortex-a9 -mfpu=vfpv3 -mfloat-abi=hard -nostartfiles -g -Wall -Wextra"
"Running Make include in ps7_cortexa9_0/libsrc/uartps_v3_6/src"
make -C ps7_cortexa9_0/libsrc/uartps_v3_6/src -s include  "SHELL=CMD" "COMPILER=arm-none-eabi-gcc" "ARCHIVER=arm-none-eabi-ar" "COMPILER_FLAGS=  -O2 -c" "EXTRA_COMPILER_FLAGS=-mcpu=cortex-a9 -mfpu=vfpv3 -mfloat-abi=hard -nostartfiles -g -Wall -Wextra"
"Running Make include in ps7_cortexa9_0/libsrc/usbps_v2_4/src"
make -C ps7_cortexa9_0/libsrc/usbps_v2_4/src -s include  "SHELL=CMD" "COMPILER=arm-none-eabi-gcc" "ARCHIVER=arm-none-eabi-ar" "COMPILER_FLAGS=  -O2 -c" "EXTRA_COMPILER_FLAGS=-mcpu=cortex-a9 -mfpu=vfpv3 -mfloat-abi=hard -nostartfiles -g -Wall -Wextra"
"Running Make include in ps7_cortexa9_0/libsrc/xadcps_v2_2/src"
make -C ps7_cortexa9_0/libsrc/xadcps_v2_2/src -s include  "SHELL=CMD" "COMPILER=arm-none-eabi-gcc" "ARCHIVER=arm-none-eabi-ar" "COMPILER_FLAGS=  -O2 -c" "EXTRA_COMPILER_FLAGS=-mcpu=cortex-a9 -mfpu=vfpv3 -mfloat-abi=hard -nostartfiles -g -Wall -Wextra"
"Running Make libs in ps7_cortexa9_0/libsrc/coresightps_dcc_v1_4/src"
make -C ps7_cortexa9_0/libsrc/coresightps_dcc_v1_4/src -s libs  "SHELL=CMD" "COMPILER=arm-none-eabi-gcc" "ARCHIVER=arm-none-eabi-ar" "COMPILER_FLAGS=  -O2 -c" "EXTRA_COMPILER_FLAGS=-mcpu=cortex-a9 -mfpu=vfpv3 -mfloat-abi=hard -nostartfiles -g -Wall -Wextra"
"Compiling coresightps_dcc"
arm-none-eabi-ar: creating ../../../lib/libxil.a
"Running Make libs in ps7_cortexa9_0/libsrc/cpu_cortexa9_v2_6/src"
make -C ps7_cortexa9_0/libsrc/cpu_cortexa9_v2_6/src -s libs  "SHELL=CMD" "COMPILER=arm-none-eabi-gcc" "ARCHIVER=arm-none-eabi-ar" "COMPILER_FLAGS=  -O2 -c" "EXTRA_COMPILER_FLAGS=-mcpu=cortex-a9 -mfpu=vfpv3 -mfloat-abi=hard -nostartfiles -g -Wall -Wextra"
"Compiling cpu_cortexa9"
"Running Make libs in ps7_cortexa9_0/libsrc/ddrps_v1_0/src"
make -C ps7_cortexa9_0/libsrc/ddrps_v1_0/src -s libs  "SHELL=CMD" "COMPILER=arm-none-eabi-gcc" "ARCHIVER=arm-none-eabi-ar" "COMPILER_FLAGS=  -O2 -c" "EXTRA_COMPILER_FLAGS=-mcpu=cortex-a9 -mfpu=vfpv3 -mfloat-abi=hard -nostartfiles -g -Wall -Wextra"
"Compiling ddrps"
"Running Make libs in ps7_cortexa9_0/libsrc/devcfg_v3_5/src"
make -C ps7_cortexa9_0/libsrc/devcfg_v3_5/src -s libs  "SHELL=CMD" "COMPILER=arm-none-eabi-gcc" "ARCHIVER=arm-none-eabi-ar" "COMPILER_FLAGS=  -O2 -c" "EXTRA_COMPILER_FLAGS=-mcpu=cortex-a9 -mfpu=vfpv3 -mfloat-abi=hard -nostartfiles -g -Wall -Wextra"
"Compiling devcfg"
"Running Make libs in ps7_cortexa9_0/libsrc/dmaps_v2_3/src"
make -C ps7_cortexa9_0/libsrc/dmaps_v2_3/src -s libs  "SHELL=CMD" "COMPILER=arm-none-eabi-gcc" "ARCHIVER=arm-none-eabi-ar" "COMPILER_FLAGS=  -O2 -c" "EXTRA_COMPILER_FLAGS=-mcpu=cortex-a9 -mfpu=vfpv3 -mfloat-abi=hard -nostartfiles -g -Wall -Wextra"
"Compiling dmaps"
"Running Make libs in ps7_cortexa9_0/libsrc/emacps_v3_7/src"
make -C ps7_cortexa9_0/libsrc/emacps_v3_7/src -s libs  "SHELL=CMD" "COMPILER=arm-none-eabi-gcc" "ARCHIVER=arm-none-eabi-ar" "COMPILER_FLAGS=  -O2 -c" "EXTRA_COMPILER_FLAGS=-mcpu=cortex-a9 -mfpu=vfpv3 -mfloat-abi=hard -nostartfiles -g -Wall -Wextra"
"Compiling emacps"
"Running Make libs in ps7_cortexa9_0/libsrc/gpio_v4_3/src"
make -C ps7_cortexa9_0/libsrc/gpio_v4_3/src -s libs  "SHELL=CMD" "COMPILER=arm-none-eabi-gcc" "ARCHIVER=arm-none-eabi-ar" "COMPILER_FLAGS=  -O2 -c" "EXTRA_COMPILER_FLAGS=-mcpu=cortex-a9 -mfpu=vfpv3 -mfloat-abi=hard -nostartfiles -g -Wall -Wextra"
"Compiling gpio"
"Running Make libs in ps7_cortexa9_0/libsrc/gpiops_v3_3/src"
make -C ps7_cortexa9_0/libsrc/gpiops_v3_3/src -s libs  "SHELL=CMD" "COMPILER=arm-none-eabi-gcc" "ARCHIVER=arm-none-eabi-ar" "COMPILER_FLAGS=  -O2 -c" "EXTRA_COMPILER_FLAGS=-mcpu=cortex-a9 -mfpu=vfpv3 -mfloat-abi=hard -nostartfiles -g -Wall -Wextra"
"Compiling gpiops"
"Running Make libs in ps7_cortexa9_0/libsrc/qspips_v3_4/src"
make -C ps7_cortexa9_0/libsrc/qspips_v3_4/src -s libs  "SHELL=CMD" "COMPILER=arm-none-eabi-gcc" "ARCHIVER=arm-none-eabi-ar" "COMPILER_FLAGS=  -O2 -c" "EXTRA_COMPILER_FLAGS=-mcpu=cortex-a9 -mfpu=vfpv3 -mfloat-abi=hard -nostartfiles -g -Wall -Wextra"
"Compiling qspips"
"Running Make libs in ps7_cortexa9_0/libsrc/scugic_v3_9/src"
make -C ps7_cortexa9_0/libsrc/scugic_v3_9/src -s libs  "SHELL=CMD" "COMPILER=arm-none-eabi-gcc" "ARCHIVER=arm-none-eabi-ar" "COMPILER_FLAGS=  -O2 -c" "EXTRA_COMPILER_FLAGS=-mcpu=cortex-a9 -mfpu=vfpv3 -mfloat-abi=hard -nostartfiles -g -Wall -Wextra"
"Compiling scugic"
"Running Make libs in ps7_cortexa9_0/libsrc/scutimer_v2_1/src"
make -C ps7_cortexa9_0/libsrc/scutimer_v2_1/src -s libs  "SHELL=CMD" "COMPILER=arm-none-eabi-gcc" "ARCHIVER=arm-none-eabi-ar" "COMPILER_FLAGS=  -O2 -c" "EXTRA_COMPILER_FLAGS=-mcpu=cortex-a9 -mfpu=vfpv3 -mfloat-abi=hard -nostartfiles -g -Wall -Wextra"
"Compiling scutimer"
"Running Make libs in ps7_cortexa9_0/libsrc/scuwdt_v2_1/src"
make -C ps7_cortexa9_0/libsrc/scuwdt_v2_1/src -s libs  "SHELL=CMD" "COMPILER=arm-none-eabi-gcc" "ARCHIVER=arm-none-eabi-ar" "COMPILER_FLAGS=  -O2 -c" "EXTRA_COMPILER_FLAGS=-mcpu=cortex-a9 -mfpu=vfpv3 -mfloat-abi=hard -nostartfiles -g -Wall -Wextra"
"Compiling scuwdt"
"Running Make libs in ps7_cortexa9_0/libsrc/sdps_v3_5/src"
make -C ps7_cortexa9_0/libsrc/sdps_v3_5/src -s libs  "SHELL=CMD" "COMPILER=arm-none-eabi-gcc" "ARCHIVER=arm-none-eabi-ar" "COMPILER_FLAGS=  -O2 -c" "EXTRA_COMPILER_FLAGS=-mcpu=cortex-a9 -mfpu=vfpv3 -mfloat-abi=hard -nostartfiles -g -Wall -Wextra"
"Compiling sdps"
"Running Make libs in ps7_cortexa9_0/libsrc/standalone_v6_7/src"
make -C ps7_cortexa9_0/libsrc/standalone_v6_7/src -s libs  "SHELL=CMD" "COMPILER=arm-none-eabi-gcc" "ARCHIVER=arm-none-eabi-ar" "COMPILER_FLAGS=  -O2 -c" "EXTRA_COMPILER_FLAGS=-mcpu=cortex-a9 -mfpu=vfpv3 -mfloat-abi=hard -nostartfiles -g -Wall -Wextra"
"Compiling standalone"
In file included from sleep.c:57:0:
xtime_l.h:89:9: note: #pragma message: For the sleep routines, Global timer is being used
 #pragma message ("For the sleep routines, Global timer is being used")
         ^~~~~~~
In file included from usleep.c:60:0:
xtime_l.h:89:9: note: #pragma message: For the sleep routines, Global timer is being used
 #pragma message ("For the sleep routines, Global timer is being used")
         ^~~~~~~
In file included from xil_sleeptimer.c:55:0:
xtime_l.h:89:9: note: #pragma message: For the sleep routines, Global timer is being used
 #pragma message ("For the sleep routines, Global timer is being used")
         ^~~~~~~
In file included from xtime_l.c:53:0:
xtime_l.h:89:9: note: #pragma message: For the sleep routines, Global timer is being used
 #pragma message ("For the sleep routines, Global timer is being used")
         ^~~~~~~
"Running Make libs in ps7_cortexa9_0/libsrc/ttcps_v3_6/src"
make -C ps7_cortexa9_0/libsrc/ttcps_v3_6/src -s libs  "SHELL=CMD" "COMPILER=arm-none-eabi-gcc" "ARCHIVER=arm-none-eabi-ar" "COMPILER_FLAGS=  -O2 -c" "EXTRA_COMPILER_FLAGS=-mcpu=cortex-a9 -mfpu=vfpv3 -mfloat-abi=hard -nostartfiles -g -Wall -Wextra"
"Compiling ttcps"
"Running Make libs in ps7_cortexa9_0/libsrc/uartps_v3_6/src"
make -C ps7_cortexa9_0/libsrc/uartps_v3_6/src -s libs  "SHELL=CMD" "COMPILER=arm-none-eabi-gcc" "ARCHIVER=arm-none-eabi-ar" "COMPILER_FLAGS=  -O2 -c" "EXTRA_COMPILER_FLAGS=-mcpu=cortex-a9 -mfpu=vfpv3 -mfloat-abi=hard -nostartfiles -g -Wall -Wextra"
"Compiling uartps"
"Running Make libs in ps7_cortexa9_0/libsrc/usbps_v2_4/src"
make -C ps7_cortexa9_0/libsrc/usbps_v2_4/src -s libs  "SHELL=CMD" "COMPILER=arm-none-eabi-gcc" "ARCHIVER=arm-none-eabi-ar" "COMPILER_FLAGS=  -O2 -c" "EXTRA_COMPILER_FLAGS=-mcpu=cortex-a9 -mfpu=vfpv3 -mfloat-abi=hard -nostartfiles -g -Wall -Wextra"
"Compiling usbps"
"Running Make libs in ps7_cortexa9_0/libsrc/xadcps_v2_2/src"
make -C ps7_cortexa9_0/libsrc/xadcps_v2_2/src -s libs  "SHELL=CMD" "COMPILER=arm-none-eabi-gcc" "ARCHIVER=arm-none-eabi-ar" "COMPILER_FLAGS=  -O2 -c" "EXTRA_COMPILER_FLAGS=-mcpu=cortex-a9 -mfpu=vfpv3 -mfloat-abi=hard -nostartfiles -g -Wall -Wextra"
"Compiling xadcps"
'Finished building libraries'
02:26:20 **** Build of configuration Debug for project mio_reader ****
make pre-build main-build 
a9-linaro-pre-build-step
' '
'Building file: ../src/helloworld.c'
'Invoking: ARM v7 gcc compiler'
arm-none-eabi-gcc -Wall -O0 -g3 -c -fmessage-length=0 -MT"src/helloworld.o" -mcpu=cortex-a9 -mfpu=vfpv3 -mfloat-abi=hard -I../../mio_reader_bsp/ps7_cortexa9_0/include -MMD -MP -MF"src/helloworld.d" -MT"src/helloworld.o" -o "src/helloworld.o" "../src/helloworld.c"
'Finished building: ../src/helloworld.c'
' '
'Building file: ../src/platform.c'
'Invoking: ARM v7 gcc compiler'
arm-none-eabi-gcc -Wall -O0 -g3 -c -fmessage-length=0 -MT"src/platform.o" -mcpu=cortex-a9 -mfpu=vfpv3 -mfloat-abi=hard -I../../mio_reader_bsp/ps7_cortexa9_0/include -MMD -MP -MF"src/platform.d" -MT"src/platform.o" -o "src/platform.o" "../src/platform.c"
'Finished building: ../src/platform.c'
' '
'Building target: mio_reader.elf'
'Invoking: ARM v7 gcc linker'
arm-none-eabi-gcc -mcpu=cortex-a9 -mfpu=vfpv3 -mfloat-abi=hard -Wl,-build-id=none -specs=Xilinx.spec -Wl,-T -Wl,../src/lscript.ld -L../../mio_reader_bsp/ps7_cortexa9_0/lib -o "mio_reader.elf"  ./src/helloworld.o ./src/platform.o   -Wl,--start-group,-lxil,-lgcc,-lc,--end-group
'Finished building target: mio_reader.elf'
' '
'Invoking: ARM v7 Print Size'
arm-none-eabi-size mio_reader.elf  |tee "mio_reader.elf.size"
   text	   data	    bss	    dec	    hex	filename
  19352	   1144	  22568	  43064	   a838	mio_reader.elf
'Finished building: mio_reader.elf.size'
' '
02:26:53 **** Build of configuration Debug for project mio_reader_bsp_xgpiops_polled_example_1 ****
make pre-build main-build 
a9-linaro-pre-build-step
' '
'Building file: ../src/xgpiops_polled_example.c'
'Invoking: ARM v7 gcc compiler'
arm-none-eabi-gcc -Wall -O0 -g3 -c -fmessage-length=0 -MT"src/xgpiops_polled_example.o" -mcpu=cortex-a9 -mfpu=vfpv3 -mfloat-abi=hard -I../../mio_reader_bsp/ps7_cortexa9_0/include -MMD -MP -MF"src/xgpiops_polled_example.d" -MT"src/xgpiops_polled_example.o" -o "src/xgpiops_polled_example.o" "../src/xgpiops_polled_example.c"
'Finished building: ../src/xgpiops_polled_example.c'
' '
'Building target: mio_reader_bsp_xgpiops_polled_example_1.elf'
'Invoking: ARM v7 gcc linker'
arm-none-eabi-gcc -mcpu=cortex-a9 -mfpu=vfpv3 -mfloat-abi=hard -Wl,-build-id=none -specs=Xilinx.spec -Wl,-T -Wl,../src/lscript.ld -L../../mio_reader_bsp/ps7_cortexa9_0/lib -o "mio_reader_bsp_xgpiops_polled_example_1.elf"  ./src/xgpiops_polled_example.o   -Wl,--start-group,-lxil,-lgcc,-lc,--end-group
'Finished building target: mio_reader_bsp_xgpiops_polled_example_1.elf'
' '
'Invoking: ARM v7 Print Size'
arm-none-eabi-size mio_reader_bsp_xgpiops_polled_example_1.elf  |tee "mio_reader_bsp_xgpiops_polled_example_1.elf.size"
   text	   data	    bss	    dec	    hex	filename
  29916	   1160	  22616	  53692	   d1bc	mio_reader_bsp_xgpiops_polled_example_1.elf
'Finished building: mio_reader_bsp_xgpiops_polled_example_1.elf.size'
' '
02:27:30 **** Auto Build of configuration Debug for project mio_reader ****
make pre-build main-build 
a9-linaro-pre-build-step
' '
'Building file: ../src/helloworld.c'
'Invoking: ARM v7 gcc compiler'
arm-none-eabi-gcc -Wall -O0 -g3 -c -fmessage-length=0 -MT"src/helloworld.o" -mcpu=cortex-a9 -mfpu=vfpv3 -mfloat-abi=hard -I../../mio_reader_bsp/ps7_cortexa9_0/include -MMD -MP -MF"src/helloworld.d" -MT"src/helloworld.o" -o "src/helloworld.o" "../src/helloworld.c"
'Finished building: ../src/helloworld.c'
' '
'Building target: mio_reader.elf'
'Invoking: ARM v7 gcc linker'
arm-none-eabi-gcc -mcpu=cortex-a9 -mfpu=vfpv3 -mfloat-abi=hard -Wl,-build-id=none -specs=Xilinx.spec -Wl,-T -Wl,../src/lscript.ld -L../../mio_reader_bsp/ps7_cortexa9_0/lib -o "mio_reader.elf"  ./src/helloworld.o ./src/platform.o   -Wl,--start-group,-lxil,-lgcc,-lc,--end-group
'Finished building target: mio_reader.elf'
' '
'Invoking: ARM v7 Print Size'
arm-none-eabi-size mio_reader.elf  |tee "mio_reader.elf.size"
   text	   data	    bss	    dec	    hex	filename
  19352	   1144	  22568	  43064	   a838	mio_reader.elf
'Finished building: mio_reader.elf.size'
' '
02:32:32 **** Auto Build of configuration Debug for project mio_reader ****
make pre-build main-build 
a9-linaro-pre-build-step
' '
'Building file: ../src/helloworld.c'
'Invoking: ARM v7 gcc compiler'
arm-none-eabi-gcc -Wall -O0 -g3 -c -fmessage-length=0 -MT"src/helloworld.o" -mcpu=cortex-a9 -mfpu=vfpv3 -mfloat-abi=hard -I../../mio_reader_bsp/ps7_cortexa9_0/include -MMD -MP -MF"src/helloworld.d" -MT"src/helloworld.o" -o "src/helloworld.o" "../src/helloworld.c"
'Finished building: ../src/helloworld.c'
' '
'Building target: mio_reader.elf'
'Invoking: ARM v7 gcc linker'
arm-none-eabi-gcc -mcpu=cortex-a9 -mfpu=vfpv3 -mfloat-abi=hard -Wl,-build-id=none -specs=Xilinx.spec -Wl,-T -Wl,../src/lscript.ld -L../../mio_reader_bsp/ps7_cortexa9_0/lib -o "mio_reader.elf"  ./src/helloworld.o ./src/platform.o   -Wl,--start-group,-lxil,-lgcc,-lc,--end-group
'Finished building target: mio_reader.elf'
' '
'Invoking: ARM v7 Print Size'
arm-none-eabi-size mio_reader.elf  |tee "mio_reader.elf.size"
   text	   data	    bss	    dec	    hex	filename
  19376	   1144	  22568	  43088	   a850	mio_reader.elf
'Finished building: mio_reader.elf.size'
' '
02:33:42 **** Auto Build of configuration Debug for project mio_reader ****
make pre-build main-build 
a9-linaro-pre-build-step
' '
'Building file: ../src/helloworld.c'
'Invoking: ARM v7 gcc compiler'
arm-none-eabi-gcc -Wall -O0 -g3 -c -fmessage-length=0 -MT"src/helloworld.o" -mcpu=cortex-a9 -mfpu=vfpv3 -mfloat-abi=hard -I../../mio_reader_bsp/ps7_cortexa9_0/include -MMD -MP -MF"src/helloworld.d" -MT"src/helloworld.o" -o "src/helloworld.o" "../src/helloworld.c"
../src/helloworld.c: In function 'configMIO':
../src/helloworld.c:66:4: error: 'Input_Pin' undeclared (first use in this function)
    Input_Pin = 22;
    ^~~~~~~~~
../src/helloworld.c:66:4: note: each undeclared identifier is reported only once for each function it appears in
../src/helloworld.c:67:4: error: 'Output_Pin' undeclared (first use in this function); did you mean 'Input_Pin'?
    Output_Pin = 23;
    ^~~~~~~~~~
    Input_Pin
../src/helloworld.c:77:35: error: 'GPIO_DEVICE_ID' undeclared (first use in this function); did you mean 'UART_DEVICE_ID'?
  ConfigPtr = XGpioPs_LookupConfig(GPIO_DEVICE_ID);
                                   ^~~~~~~~~~~~~~
                                   UART_DEVICE_ID
../src/helloworld.c:78:34: error: 'Gpio' undeclared (first use in this function)
  Status = XGpioPs_CfgInitialize(&Gpio, ConfigPtr,
                                  ^~~~
In file included from ../../mio_reader_bsp/ps7_cortexa9_0/include/xgpiops.h:122:0,
                 from ../src/helloworld.c:52:
../../mio_reader_bsp/ps7_cortexa9_0/include/xstatus.h:65:41: warning: 'return' with a value, in function returning void
 #define XST_FAILURE                     1L
                                         ^
../src/helloworld.c:81:10: note: in expansion of macro 'XST_FAILURE'
   return XST_FAILURE;
          ^~~~~~~~~~~
../src/helloworld.c:58:6: note: declared here
 void configMIO(){
      ^~~~~~~~~
make: *** [src/helloworld.o] Error 1
02:36:11 **** Auto Build of configuration Debug for project mio_reader ****
make pre-build main-build 
a9-linaro-pre-build-step
' '
'Building file: ../src/helloworld.c'
'Invoking: ARM v7 gcc compiler'
arm-none-eabi-gcc -Wall -O0 -g3 -c -fmessage-length=0 -MT"src/helloworld.o" -mcpu=cortex-a9 -mfpu=vfpv3 -mfloat-abi=hard -I../../mio_reader_bsp/ps7_cortexa9_0/include -MMD -MP -MF"src/helloworld.d" -MT"src/helloworld.o" -o "src/helloworld.o" "../src/helloworld.c"
../src/helloworld.c:62:5: error: redefinition of 'pin0'
 u32 pin0 = 0;
     ^~~~
../src/helloworld.c:57:5: note: previous definition of 'pin0' was here
 u32 pin0 = 13;
     ^~~~
../src/helloworld.c:63:5: error: redefinition of 'pin0'
 u32 pin0 = 0;
     ^~~~
../src/helloworld.c:57:5: note: previous definition of 'pin0' was here
 u32 pin0 = 13;
     ^~~~
../src/helloworld.c:64:5: error: redefinition of 'pin0'
 u32 pin0 = 0;
     ^~~~
../src/helloworld.c:57:5: note: previous definition of 'pin0' was here
 u32 pin0 = 13;
     ^~~~
../src/helloworld.c:65:5: error: redefinition of 'pin0'
 u32 pin0 = 0;
     ^~~~
../src/helloworld.c:57:5: note: previous definition of 'pin0' was here
 u32 pin0 = 13;
     ^~~~
../src/helloworld.c: In function 'configMIO':
../src/helloworld.c:75:4: error: 'Input_Pin' undeclared (first use in this function)
    Input_Pin = 22;
    ^~~~~~~~~
../src/helloworld.c:75:4: note: each undeclared identifier is reported only once for each function it appears in
../src/helloworld.c:76:4: error: 'Output_Pin' undeclared (first use in this function); did you mean 'Input_Pin'?
    Output_Pin = 23;
    ^~~~~~~~~~
    Input_Pin
../src/helloworld.c:86:35: error: 'GPIO_DEVICE_ID' undeclared (first use in this function); did you mean 'UART_DEVICE_ID'?
  ConfigPtr = XGpioPs_LookupConfig(GPIO_DEVICE_ID);
                                   ^~~~~~~~~~~~~~
                                   UART_DEVICE_ID
../src/helloworld.c:87:34: error: 'Gpio' undeclared (first use in this function)
  Status = XGpioPs_CfgInitialize(&Gpio, ConfigPtr,
                                  ^~~~
In file included from ../../mio_reader_bsp/ps7_cortexa9_0/include/xgpiops.h:122:0,
                 from ../src/helloworld.c:52:
../../mio_reader_bsp/ps7_cortexa9_0/include/xstatus.h:65:41: warning: 'return' with a value, in function returning void
 #define XST_FAILURE                     1L
                                         ^
../src/helloworld.c:90:10: note: in expansion of macro 'XST_FAILURE'
   return XST_FAILURE;
          ^~~~~~~~~~~
../src/helloworld.c:67:6: note: declared here
 void configMIO(){
      ^~~~~~~~~
make: *** [src/helloworld.o] Error 1
02:36:27 **** Auto Build of configuration Debug for project mio_reader ****
make pre-build main-build 
a9-linaro-pre-build-step
' '
'Building file: ../src/helloworld.c'
'Invoking: ARM v7 gcc compiler'
arm-none-eabi-gcc -Wall -O0 -g3 -c -fmessage-length=0 -MT"src/helloworld.o" -mcpu=cortex-a9 -mfpu=vfpv3 -mfloat-abi=hard -I../../mio_reader_bsp/ps7_cortexa9_0/include -MMD -MP -MF"src/helloworld.d" -MT"src/helloworld.o" -o "src/helloworld.o" "../src/helloworld.c"
../src/helloworld.c:62:5: error: redefinition of 'pin0'
 u32 pin0 = 0;
     ^~~~
../src/helloworld.c:57:5: note: previous definition of 'pin0' was here
 u32 pin0 = 13;
     ^~~~
../src/helloworld.c:63:5: error: redefinition of 'pin0'
 u32 pin0 = 0;
     ^~~~
../src/helloworld.c:57:5: note: previous definition of 'pin0' was here
 u32 pin0 = 13;
     ^~~~
../src/helloworld.c:64:5: error: redefinition of 'pin0'
 u32 pin0 = 0;
     ^~~~
../src/helloworld.c:57:5: note: previous definition of 'pin0' was here
 u32 pin0 = 13;
     ^~~~
../src/helloworld.c:65:5: error: redefinition of 'pin0'
 u32 pin0 = 0;
     ^~~~
../src/helloworld.c:57:5: note: previous definition of 'pin0' was here
 u32 pin0 = 13;
     ^~~~
../src/helloworld.c: In function 'configMIO':
../src/helloworld.c:75:4: error: 'Input_Pin' undeclared (first use in this function)
    Input_Pin = 22;
    ^~~~~~~~~
../src/helloworld.c:75:4: note: each undeclared identifier is reported only once for each function it appears in
../src/helloworld.c:76:4: error: 'Output_Pin' undeclared (first use in this function); did you mean 'Input_Pin'?
    Output_Pin = 23;
    ^~~~~~~~~~
    Input_Pin
../src/helloworld.c:86:35: error: 'GPIO_DEVICE_ID' undeclared (first use in this function); did you mean 'UART_DEVICE_ID'?
  ConfigPtr = XGpioPs_LookupConfig(GPIO_DEVICE_ID);
                                   ^~~~~~~~~~~~~~
                                   UART_DEVICE_ID
../src/helloworld.c:87:34: error: 'Gpio' undeclared (first use in this function)
  Status = XGpioPs_CfgInitialize(&Gpio, ConfigPtr,
                                  ^~~~
In file included from ../../mio_reader_bsp/ps7_cortexa9_0/include/xgpiops.h:122:0,
                 from ../src/helloworld.c:52:
../../mio_reader_bsp/ps7_cortexa9_0/include/xstatus.h:65:41: warning: 'return' with a value, in function returning void
 #define XST_FAILURE                     1L
                                         ^
../src/helloworld.c:90:10: note: in expansion of macro 'XST_FAILURE'
   return XST_FAILURE;
          ^~~~~~~~~~~
../src/helloworld.c:67:6: note: declared here
 void configMIO(){
      ^~~~~~~~~
make: *** [src/helloworld.o] Error 1
02:36:39 **** Auto Build of configuration Debug for project mio_reader ****
make pre-build main-build 
a9-linaro-pre-build-step
' '
'Building file: ../src/helloworld.c'
'Invoking: ARM v7 gcc compiler'
arm-none-eabi-gcc -Wall -O0 -g3 -c -fmessage-length=0 -MT"src/helloworld.o" -mcpu=cortex-a9 -mfpu=vfpv3 -mfloat-abi=hard -I../../mio_reader_bsp/ps7_cortexa9_0/include -MMD -MP -MF"src/helloworld.d" -MT"src/helloworld.o" -o "src/helloworld.o" "../src/helloworld.c"
../src/helloworld.c:62:5: error: redefinition of 'pin0'
 u32 pin0 = 0;
     ^~~~
../src/helloworld.c:57:5: note: previous definition of 'pin0' was here
 u32 pin0 = 13;
     ^~~~
../src/helloworld.c:63:5: error: redefinition of 'pin0'
 u32 pin0 = 0;
     ^~~~
../src/helloworld.c:57:5: note: previous definition of 'pin0' was here
 u32 pin0 = 13;
     ^~~~
../src/helloworld.c:64:5: error: redefinition of 'pin0'
 u32 pin0 = 0;
     ^~~~
../src/helloworld.c:57:5: note: previous definition of 'pin0' was here
 u32 pin0 = 13;
     ^~~~
../src/helloworld.c:65:5: error: redefinition of 'pin0'
 u32 pin0 = 0;
     ^~~~
../src/helloworld.c:57:5: note: previous definition of 'pin0' was here
 u32 pin0 = 13;
     ^~~~
../src/helloworld.c: In function 'configMIO':
../src/helloworld.c:75:4: error: 'Input_Pin' undeclared (first use in this function)
    Input_Pin = 22;
    ^~~~~~~~~
../src/helloworld.c:75:4: note: each undeclared identifier is reported only once for each function it appears in
../src/helloworld.c:76:4: error: 'Output_Pin' undeclared (first use in this function); did you mean 'Input_Pin'?
    Output_Pin = 23;
    ^~~~~~~~~~
    Input_Pin
../src/helloworld.c:86:35: error: 'GPIO_DEVICE_ID' undeclared (first use in this function); did you mean 'UART_DEVICE_ID'?
  ConfigPtr = XGpioPs_LookupConfig(GPIO_DEVICE_ID);
                                   ^~~~~~~~~~~~~~
                                   UART_DEVICE_ID
../src/helloworld.c:87:34: error: 'Gpio' undeclared (first use in this function)
  Status = XGpioPs_CfgInitialize(&Gpio, ConfigPtr,
                                  ^~~~
In file included from ../../mio_reader_bsp/ps7_cortexa9_0/include/xgpiops.h:122:0,
                 from ../src/helloworld.c:52:
../../mio_reader_bsp/ps7_cortexa9_0/include/xstatus.h:65:41: warning: 'return' with a value, in function returning void
 #define XST_FAILURE                     1L
                                         ^
../src/helloworld.c:90:10: note: in expansion of macro 'XST_FAILURE'
   return XST_FAILURE;
          ^~~~~~~~~~~
../src/helloworld.c:67:6: note: declared here
 void configMIO(){
      ^~~~~~~~~
make: *** [src/helloworld.o] Error 1
02:36:46 **** Auto Build of configuration Debug for project mio_reader ****
make pre-build main-build 
a9-linaro-pre-build-step
' '
'Building file: ../src/helloworld.c'
'Invoking: ARM v7 gcc compiler'
arm-none-eabi-gcc -Wall -O0 -g3 -c -fmessage-length=0 -MT"src/helloworld.o" -mcpu=cortex-a9 -mfpu=vfpv3 -mfloat-abi=hard -I../../mio_reader_bsp/ps7_cortexa9_0/include -MMD -MP -MF"src/helloworld.d" -MT"src/helloworld.o" -o "src/helloworld.o" "../src/helloworld.c"
../src/helloworld.c: In function 'configMIO':
../src/helloworld.c:75:4: error: 'Input_Pin' undeclared (first use in this function)
    Input_Pin = 22;
    ^~~~~~~~~
../src/helloworld.c:75:4: note: each undeclared identifier is reported only once for each function it appears in
../src/helloworld.c:76:4: error: 'Output_Pin' undeclared (first use in this function); did you mean 'Input_Pin'?
    Output_Pin = 23;
    ^~~~~~~~~~
    Input_Pin
../src/helloworld.c:86:35: error: 'GPIO_DEVICE_ID' undeclared (first use in this function); did you mean 'UART_DEVICE_ID'?
  ConfigPtr = XGpioPs_LookupConfig(GPIO_DEVICE_ID);
                                   ^~~~~~~~~~~~~~
                                   UART_DEVICE_ID
../src/helloworld.c:87:34: error: 'Gpio' undeclared (first use in this function)
  Status = XGpioPs_CfgInitialize(&Gpio, ConfigPtr,
                                  ^~~~
In file included from ../../mio_reader_bsp/ps7_cortexa9_0/include/xgpiops.h:122:0,
                 from ../src/helloworld.c:52:
../../mio_reader_bsp/ps7_cortexa9_0/include/xstatus.h:65:41: warning: 'return' with a value, in function returning void
 #define XST_FAILURE                     1L
                                         ^
../src/helloworld.c:90:10: note: in expansion of macro 'XST_FAILURE'
   return XST_FAILURE;
          ^~~~~~~~~~~
../src/helloworld.c:67:6: note: declared here
 void configMIO(){
      ^~~~~~~~~
make: *** [src/helloworld.o] Error 1
02:37:27 **** Auto Build of configuration Debug for project mio_reader ****
make pre-build main-build 
a9-linaro-pre-build-step
' '
'Building file: ../src/helloworld.c'
'Invoking: ARM v7 gcc compiler'
arm-none-eabi-gcc -Wall -O0 -g3 -c -fmessage-length=0 -MT"src/helloworld.o" -mcpu=cortex-a9 -mfpu=vfpv3 -mfloat-abi=hard -I../../mio_reader_bsp/ps7_cortexa9_0/include -MMD -MP -MF"src/helloworld.d" -MT"src/helloworld.o" -o "src/helloworld.o" "../src/helloworld.c"
../src/helloworld.c: In function 'configMIO':
../src/helloworld.c:75:4: error: 'Input_Pin' undeclared (first use in this function)
    Input_Pin = 22;
    ^~~~~~~~~
../src/helloworld.c:75:4: note: each undeclared identifier is reported only once for each function it appears in
../src/helloworld.c:76:4: error: 'Output_Pin' undeclared (first use in this function); did you mean 'Input_Pin'?
    Output_Pin = 23;
    ^~~~~~~~~~
    Input_Pin
../src/helloworld.c:86:35: error: 'GPIO_DEVICE_ID' undeclared (first use in this function); did you mean 'UART_DEVICE_ID'?
  ConfigPtr = XGpioPs_LookupConfig(GPIO_DEVICE_ID);
                                   ^~~~~~~~~~~~~~
                                   UART_DEVICE_ID
../src/helloworld.c:87:34: error: 'Gpio' undeclared (first use in this function)
  Status = XGpioPs_CfgInitialize(&Gpio, ConfigPtr,
                                  ^~~~
In file included from ../../mio_reader_bsp/ps7_cortexa9_0/include/xgpiops.h:122:0,
                 from ../src/helloworld.c:52:
../../mio_reader_bsp/ps7_cortexa9_0/include/xstatus.h:65:41: warning: 'return' with a value, in function returning void
 #define XST_FAILURE                     1L
                                         ^
../src/helloworld.c:90:10: note: in expansion of macro 'XST_FAILURE'
   return XST_FAILURE;
          ^~~~~~~~~~~
../src/helloworld.c:67:6: note: declared here
 void configMIO(){
      ^~~~~~~~~
make: *** [src/helloworld.o] Error 1
02:37:41 **** Auto Build of configuration Debug for project mio_reader ****
make pre-build main-build 
a9-linaro-pre-build-step
' '
'Building file: ../src/helloworld.c'
'Invoking: ARM v7 gcc compiler'
arm-none-eabi-gcc -Wall -O0 -g3 -c -fmessage-length=0 -MT"src/helloworld.o" -mcpu=cortex-a9 -mfpu=vfpv3 -mfloat-abi=hard -I../../mio_reader_bsp/ps7_cortexa9_0/include -MMD -MP -MF"src/helloworld.d" -MT"src/helloworld.o" -o "src/helloworld.o" "../src/helloworld.c"
../src/helloworld.c: In function 'configMIO':
../src/helloworld.c:75:4: error: 'Input_Pin' undeclared (first use in this function)
    Input_Pin = 22;
    ^~~~~~~~~
../src/helloworld.c:75:4: note: each undeclared identifier is reported only once for each function it appears in
../src/helloworld.c:76:4: error: 'Output_Pin' undeclared (first use in this function); did you mean 'Input_Pin'?
    Output_Pin = 23;
    ^~~~~~~~~~
    Input_Pin
../src/helloworld.c:86:35: error: 'GPIO_DEVICE_ID' undeclared (first use in this function); did you mean 'UART_DEVICE_ID'?
  ConfigPtr = XGpioPs_LookupConfig(GPIO_DEVICE_ID);
                                   ^~~~~~~~~~~~~~
                                   UART_DEVICE_ID
../src/helloworld.c:87:34: error: 'Gpio' undeclared (first use in this function)
  Status = XGpioPs_CfgInitialize(&Gpio, ConfigPtr,
                                  ^~~~
In file included from ../../mio_reader_bsp/ps7_cortexa9_0/include/xgpiops.h:122:0,
                 from ../src/helloworld.c:52:
../../mio_reader_bsp/ps7_cortexa9_0/include/xstatus.h:65:41: warning: 'return' with a value, in function returning void
 #define XST_FAILURE                     1L
                                         ^
../src/helloworld.c:90:10: note: in expansion of macro 'XST_FAILURE'
   return XST_FAILURE;
          ^~~~~~~~~~~
../src/helloworld.c:67:6: note: declared here
 void configMIO(){
      ^~~~~~~~~
make: *** [src/helloworld.o] Error 1
02:37:56 **** Auto Build of configuration Debug for project mio_reader ****
make pre-build main-build 
a9-linaro-pre-build-step
' '
'Building file: ../src/helloworld.c'
'Invoking: ARM v7 gcc compiler'
arm-none-eabi-gcc -Wall -O0 -g3 -c -fmessage-length=0 -MT"src/helloworld.o" -mcpu=cortex-a9 -mfpu=vfpv3 -mfloat-abi=hard -I../../mio_reader_bsp/ps7_cortexa9_0/include -MMD -MP -MF"src/helloworld.d" -MT"src/helloworld.o" -o "src/helloworld.o" "../src/helloworld.c"
../src/helloworld.c: In function 'configMIO':
../src/helloworld.c:75:4: error: 'Input_Pin' undeclared (first use in this function)
    Input_Pin = 22;
    ^~~~~~~~~
../src/helloworld.c:75:4: note: each undeclared identifier is reported only once for each function it appears in
../src/helloworld.c:76:4: error: 'Output_Pin' undeclared (first use in this function); did you mean 'Input_Pin'?
    Output_Pin = 23;
    ^~~~~~~~~~
    Input_Pin
../src/helloworld.c:86:35: error: 'GPIO_DEVICE_ID' undeclared (first use in this function); did you mean 'UART_DEVICE_ID'?
  ConfigPtr = XGpioPs_LookupConfig(GPIO_DEVICE_ID);
                                   ^~~~~~~~~~~~~~
                                   UART_DEVICE_ID
../src/helloworld.c:87:34: error: 'Gpio' undeclared (first use in this function)
  Status = XGpioPs_CfgInitialize(&Gpio, ConfigPtr,
                                  ^~~~
In file included from ../../mio_reader_bsp/ps7_cortexa9_0/include/xgpiops.h:122:0,
                 from ../src/helloworld.c:52:
../../mio_reader_bsp/ps7_cortexa9_0/include/xstatus.h:65:41: warning: 'return' with a value, in function returning void
 #define XST_FAILURE                     1L
                                         ^
../src/helloworld.c:90:10: note: in expansion of macro 'XST_FAILURE'
   return XST_FAILURE;
          ^~~~~~~~~~~
../src/helloworld.c:67:6: note: declared here
 void configMIO(){
      ^~~~~~~~~
make: *** [src/helloworld.o] Error 1
02:38:19 **** Auto Build of configuration Debug for project mio_reader ****
make pre-build main-build 
a9-linaro-pre-build-step
' '
'Building file: ../src/helloworld.c'
'Invoking: ARM v7 gcc compiler'
arm-none-eabi-gcc -Wall -O0 -g3 -c -fmessage-length=0 -MT"src/helloworld.o" -mcpu=cortex-a9 -mfpu=vfpv3 -mfloat-abi=hard -I../../mio_reader_bsp/ps7_cortexa9_0/include -MMD -MP -MF"src/helloworld.d" -MT"src/helloworld.o" -o "src/helloworld.o" "../src/helloworld.c"
../src/helloworld.c: In function 'configMIO':
../src/helloworld.c:75:4: error: 'Input_Pin' undeclared (first use in this function)
    Input_Pin = 22;
    ^~~~~~~~~
../src/helloworld.c:75:4: note: each undeclared identifier is reported only once for each function it appears in
../src/helloworld.c:76:4: error: 'Output_Pin' undeclared (first use in this function); did you mean 'Input_Pin'?
    Output_Pin = 23;
    ^~~~~~~~~~
    Input_Pin
../src/helloworld.c:86:35: error: 'GPIO_DEVICE_ID' undeclared (first use in this function); did you mean 'UART_DEVICE_ID'?
  ConfigPtr = XGpioPs_LookupConfig(GPIO_DEVICE_ID);
                                   ^~~~~~~~~~~~~~
                                   UART_DEVICE_ID
../src/helloworld.c:87:34: error: 'Gpio' undeclared (first use in this function)
  Status = XGpioPs_CfgInitialize(&Gpio, ConfigPtr,
                                  ^~~~
In file included from ../../mio_reader_bsp/ps7_cortexa9_0/include/xgpiops.h:122:0,
                 from ../src/helloworld.c:52:
../../mio_reader_bsp/ps7_cortexa9_0/include/xstatus.h:65:41: warning: 'return' with a value, in function returning void
 #define XST_FAILURE                     1L
                                         ^
../src/helloworld.c:90:10: note: in expansion of macro 'XST_FAILURE'
   return XST_FAILURE;
          ^~~~~~~~~~~
../src/helloworld.c:67:6: note: declared here
 void configMIO(){
      ^~~~~~~~~
make: *** [src/helloworld.o] Error 1
02:39:13 **** Auto Build of configuration Debug for project mio_reader ****
make pre-build main-build 
a9-linaro-pre-build-step
' '
'Building file: ../src/helloworld.c'
'Invoking: ARM v7 gcc compiler'
arm-none-eabi-gcc -Wall -O0 -g3 -c -fmessage-length=0 -MT"src/helloworld.o" -mcpu=cortex-a9 -mfpu=vfpv3 -mfloat-abi=hard -I../../mio_reader_bsp/ps7_cortexa9_0/include -MMD -MP -MF"src/helloworld.d" -MT"src/helloworld.o" -o "src/helloworld.o" "../src/helloworld.c"
../src/helloworld.c: In function 'configMIO':
../src/helloworld.c:74:35: error: 'GPIO_DEVICE_ID' undeclared (first use in this function); did you mean 'UART_DEVICE_ID'?
  ConfigPtr = XGpioPs_LookupConfig(GPIO_DEVICE_ID);
                                   ^~~~~~~~~~~~~~
                                   UART_DEVICE_ID
../src/helloworld.c:74:35: note: each undeclared identifier is reported only once for each function it appears in
In file included from ../../mio_reader_bsp/ps7_cortexa9_0/include/xgpiops.h:122:0,
                 from ../src/helloworld.c:52:
../../mio_reader_bsp/ps7_cortexa9_0/include/xstatus.h:65:41: warning: 'return' with a value, in function returning void
 #define XST_FAILURE                     1L
                                         ^
../src/helloworld.c:78:10: note: in expansion of macro 'XST_FAILURE'
   return XST_FAILURE;
          ^~~~~~~~~~~
../src/helloworld.c:69:6: note: declared here
 void configMIO(){
      ^~~~~~~~~
make: *** [src/helloworld.o] Error 1
02:39:54 **** Auto Build of configuration Debug for project mio_reader ****
make pre-build main-build 
a9-linaro-pre-build-step
' '
'Building file: ../src/helloworld.c'
'Invoking: ARM v7 gcc compiler'
arm-none-eabi-gcc -Wall -O0 -g3 -c -fmessage-length=0 -MT"src/helloworld.o" -mcpu=cortex-a9 -mfpu=vfpv3 -mfloat-abi=hard -I../../mio_reader_bsp/ps7_cortexa9_0/include -MMD -MP -MF"src/helloworld.d" -MT"src/helloworld.o" -o "src/helloworld.o" "../src/helloworld.c"
In file included from ../../mio_reader_bsp/ps7_cortexa9_0/include/xgpiops.h:122:0,
                 from ../src/helloworld.c:52:
../src/helloworld.c: In function 'configMIO':
../../mio_reader_bsp/ps7_cortexa9_0/include/xstatus.h:65:41: warning: 'return' with a value, in function returning void
 #define XST_FAILURE                     1L
                                         ^
../src/helloworld.c:80:10: note: in expansion of macro 'XST_FAILURE'
   return XST_FAILURE;
          ^~~~~~~~~~~
../src/helloworld.c:71:6: note: declared here
 void configMIO(){
      ^~~~~~~~~
'Finished building: ../src/helloworld.c'
' '
'Building target: mio_reader.elf'
'Invoking: ARM v7 gcc linker'
arm-none-eabi-gcc -mcpu=cortex-a9 -mfpu=vfpv3 -mfloat-abi=hard -Wl,-build-id=none -specs=Xilinx.spec -Wl,-T -Wl,../src/lscript.ld -L../../mio_reader_bsp/ps7_cortexa9_0/lib -o "mio_reader.elf"  ./src/helloworld.o ./src/platform.o   -Wl,--start-group,-lxil,-lgcc,-lc,--end-group
'Finished building target: mio_reader.elf'
' '
'Invoking: ARM v7 Print Size'
arm-none-eabi-size mio_reader.elf  |tee "mio_reader.elf.size"
   text	   data	    bss	    dec	    hex	filename
  26912	   1184	  22616	  50712	   c618	mio_reader.elf
'Finished building: mio_reader.elf.size'
' '
02:40:03 **** Auto Build of configuration Debug for project mio_reader ****
make pre-build main-build 
a9-linaro-pre-build-step
' '
'Building file: ../src/helloworld.c'
'Invoking: ARM v7 gcc compiler'
arm-none-eabi-gcc -Wall -O0 -g3 -c -fmessage-length=0 -MT"src/helloworld.o" -mcpu=cortex-a9 -mfpu=vfpv3 -mfloat-abi=hard -I../../mio_reader_bsp/ps7_cortexa9_0/include -MMD -MP -MF"src/helloworld.d" -MT"src/helloworld.o" -o "src/helloworld.o" "../src/helloworld.c"
In file included from ../../mio_reader_bsp/ps7_cortexa9_0/include/xgpiops.h:122:0,
                 from ../src/helloworld.c:52:
../src/helloworld.c: In function 'configMIO':
../../mio_reader_bsp/ps7_cortexa9_0/include/xstatus.h:65:41: warning: 'return' with a value, in function returning void
 #define XST_FAILURE                     1L
                                         ^
../src/helloworld.c:80:10: note: in expansion of macro 'XST_FAILURE'
   return XST_FAILURE;
          ^~~~~~~~~~~
../src/helloworld.c:71:6: note: declared here
 void configMIO(){
      ^~~~~~~~~
'Finished building: ../src/helloworld.c'
' '
'Building target: mio_reader.elf'
'Invoking: ARM v7 gcc linker'
arm-none-eabi-gcc -mcpu=cortex-a9 -mfpu=vfpv3 -mfloat-abi=hard -Wl,-build-id=none -specs=Xilinx.spec -Wl,-T -Wl,../src/lscript.ld -L../../mio_reader_bsp/ps7_cortexa9_0/lib -o "mio_reader.elf"  ./src/helloworld.o ./src/platform.o   -Wl,--start-group,-lxil,-lgcc,-lc,--end-group
'Finished building target: mio_reader.elf'
' '
'Invoking: ARM v7 Print Size'
arm-none-eabi-size mio_reader.elf  |tee "mio_reader.elf.size"
   text	   data	    bss	    dec	    hex	filename
  26912	   1184	  22616	  50712	   c618	mio_reader.elf
'Finished building: mio_reader.elf.size'
' '
02:41:10 **** Auto Build of configuration Debug for project mio_reader ****
make pre-build main-build 
a9-linaro-pre-build-step
' '
'Building file: ../src/helloworld.c'
'Invoking: ARM v7 gcc compiler'
arm-none-eabi-gcc -Wall -O0 -g3 -c -fmessage-length=0 -MT"src/helloworld.o" -mcpu=cortex-a9 -mfpu=vfpv3 -mfloat-abi=hard -I../../mio_reader_bsp/ps7_cortexa9_0/include -MMD -MP -MF"src/helloworld.d" -MT"src/helloworld.o" -o "src/helloworld.o" "../src/helloworld.c"
In file included from ../../mio_reader_bsp/ps7_cortexa9_0/include/xgpiops.h:122:0,
                 from ../src/helloworld.c:52:
../src/helloworld.c: In function 'configMIO':
../../mio_reader_bsp/ps7_cortexa9_0/include/xstatus.h:65:41: warning: 'return' with a value, in function returning void
 #define XST_FAILURE                     1L
                                         ^
../src/helloworld.c:80:10: note: in expansion of macro 'XST_FAILURE'
   return XST_FAILURE;
          ^~~~~~~~~~~
../src/helloworld.c:71:6: note: declared here
 void configMIO(){
      ^~~~~~~~~
'Finished building: ../src/helloworld.c'
' '
'Building target: mio_reader.elf'
'Invoking: ARM v7 gcc linker'
arm-none-eabi-gcc -mcpu=cortex-a9 -mfpu=vfpv3 -mfloat-abi=hard -Wl,-build-id=none -specs=Xilinx.spec -Wl,-T -Wl,../src/lscript.ld -L../../mio_reader_bsp/ps7_cortexa9_0/lib -o "mio_reader.elf"  ./src/helloworld.o ./src/platform.o   -Wl,--start-group,-lxil,-lgcc,-lc,--end-group
'Finished building target: mio_reader.elf'
' '
'Invoking: ARM v7 Print Size'
arm-none-eabi-size mio_reader.elf  |tee "mio_reader.elf.size"
   text	   data	    bss	    dec	    hex	filename
  26912	   1184	  22616	  50712	   c618	mio_reader.elf
'Finished building: mio_reader.elf.size'
' '
02:42:00 **** Auto Build of configuration Debug for project mio_reader ****
make pre-build main-build 
a9-linaro-pre-build-step
' '
'Building file: ../src/helloworld.c'
'Invoking: ARM v7 gcc compiler'
arm-none-eabi-gcc -Wall -O0 -g3 -c -fmessage-length=0 -MT"src/helloworld.o" -mcpu=cortex-a9 -mfpu=vfpv3 -mfloat-abi=hard -I../../mio_reader_bsp/ps7_cortexa9_0/include -MMD -MP -MF"src/helloworld.d" -MT"src/helloworld.o" -o "src/helloworld.o" "../src/helloworld.c"
In file included from ../../mio_reader_bsp/ps7_cortexa9_0/include/xgpiops.h:122:0,
                 from ../src/helloworld.c:52:
../src/helloworld.c: In function 'initMIO':
../../mio_reader_bsp/ps7_cortexa9_0/include/xstatus.h:65:41: warning: 'return' with a value, in function returning void
 #define XST_FAILURE                     1L
                                         ^
../src/helloworld.c:81:10: note: in expansion of macro 'XST_FAILURE'
   return XST_FAILURE;
          ^~~~~~~~~~~
../src/helloworld.c:71:6: note: declared here
 void initMIO(){
      ^~~~~~~
'Finished building: ../src/helloworld.c'
' '
'Building target: mio_reader.elf'
'Invoking: ARM v7 gcc linker'
arm-none-eabi-gcc -mcpu=cortex-a9 -mfpu=vfpv3 -mfloat-abi=hard -Wl,-build-id=none -specs=Xilinx.spec -Wl,-T -Wl,../src/lscript.ld -L../../mio_reader_bsp/ps7_cortexa9_0/lib -o "mio_reader.elf"  ./src/helloworld.o ./src/platform.o   -Wl,--start-group,-lxil,-lgcc,-lc,--end-group
'Finished building target: mio_reader.elf'
' '
'Invoking: ARM v7 Print Size'
arm-none-eabi-size mio_reader.elf  |tee "mio_reader.elf.size"
   text	   data	    bss	    dec	    hex	filename
  26912	   1184	  22616	  50712	   c618	mio_reader.elf
'Finished building: mio_reader.elf.size'
' '
02:43:03 **** Auto Build of configuration Debug for project mio_reader ****
make pre-build main-build 
a9-linaro-pre-build-step
' '
'Building file: ../src/helloworld.c'
'Invoking: ARM v7 gcc compiler'
arm-none-eabi-gcc -Wall -O0 -g3 -c -fmessage-length=0 -MT"src/helloworld.o" -mcpu=cortex-a9 -mfpu=vfpv3 -mfloat-abi=hard -I../../mio_reader_bsp/ps7_cortexa9_0/include -MMD -MP -MF"src/helloworld.d" -MT"src/helloworld.o" -o "src/helloworld.o" "../src/helloworld.c"
In file included from ../../mio_reader_bsp/ps7_cortexa9_0/include/xgpiops.h:122:0,
                 from ../src/helloworld.c:52:
../src/helloworld.c: In function 'initMIO':
../../mio_reader_bsp/ps7_cortexa9_0/include/xstatus.h:65:41: warning: 'return' with a value, in function returning void
 #define XST_FAILURE                     1L
                                         ^
../src/helloworld.c:81:10: note: in expansion of macro 'XST_FAILURE'
   return XST_FAILURE;
          ^~~~~~~~~~~
../src/helloworld.c:71:6: note: declared here
 void initMIO(){
      ^~~~~~~
../src/helloworld.c:85:33: error: 'Input_Pin' undeclared (first use in this function)
  XGpioPs_SetDirectionPin(&Gpio, Input_Pin, 0x0);
                                 ^~~~~~~~~
../src/helloworld.c:85:33: note: each undeclared identifier is reported only once for each function it appears in
make: *** [src/helloworld.o] Error 1
02:43:16 **** Auto Build of configuration Debug for project mio_reader ****
make pre-build main-build 
a9-linaro-pre-build-step
' '
'Building file: ../src/helloworld.c'
'Invoking: ARM v7 gcc compiler'
arm-none-eabi-gcc -Wall -O0 -g3 -c -fmessage-length=0 -MT"src/helloworld.o" -mcpu=cortex-a9 -mfpu=vfpv3 -mfloat-abi=hard -I../../mio_reader_bsp/ps7_cortexa9_0/include -MMD -MP -MF"src/helloworld.d" -MT"src/helloworld.o" -o "src/helloworld.o" "../src/helloworld.c"
In file included from ../../mio_reader_bsp/ps7_cortexa9_0/include/xgpiops.h:122:0,
                 from ../src/helloworld.c:52:
../src/helloworld.c: In function 'initMIO':
../../mio_reader_bsp/ps7_cortexa9_0/include/xstatus.h:65:41: warning: 'return' with a value, in function returning void
 #define XST_FAILURE                     1L
                                         ^
../src/helloworld.c:81:10: note: in expansion of macro 'XST_FAILURE'
   return XST_FAILURE;
          ^~~~~~~~~~~
../src/helloworld.c:71:6: note: declared here
 void initMIO(){
      ^~~~~~~
'Finished building: ../src/helloworld.c'
' '
'Building target: mio_reader.elf'
'Invoking: ARM v7 gcc linker'
arm-none-eabi-gcc -mcpu=cortex-a9 -mfpu=vfpv3 -mfloat-abi=hard -Wl,-build-id=none -specs=Xilinx.spec -Wl,-T -Wl,../src/lscript.ld -L../../mio_reader_bsp/ps7_cortexa9_0/lib -o "mio_reader.elf"  ./src/helloworld.o ./src/platform.o   -Wl,--start-group,-lxil,-lgcc,-lc,--end-group
'Finished building target: mio_reader.elf'
' '
'Invoking: ARM v7 Print Size'
arm-none-eabi-size mio_reader.elf  |tee "mio_reader.elf.size"
   text	   data	    bss	    dec	    hex	filename
  26956	   1184	  22616	  50756	   c644	mio_reader.elf
'Finished building: mio_reader.elf.size'
' '
02:43:56 **** Auto Build of configuration Debug for project mio_reader ****
make pre-build main-build 
a9-linaro-pre-build-step
' '
'Building file: ../src/helloworld.c'
'Invoking: ARM v7 gcc compiler'
arm-none-eabi-gcc -Wall -O0 -g3 -c -fmessage-length=0 -MT"src/helloworld.o" -mcpu=cortex-a9 -mfpu=vfpv3 -mfloat-abi=hard -I../../mio_reader_bsp/ps7_cortexa9_0/include -MMD -MP -MF"src/helloworld.d" -MT"src/helloworld.o" -o "src/helloworld.o" "../src/helloworld.c"
In file included from ../../mio_reader_bsp/ps7_cortexa9_0/include/xgpiops.h:122:0,
                 from ../src/helloworld.c:52:
../src/helloworld.c: In function 'initMIO':
../../mio_reader_bsp/ps7_cortexa9_0/include/xstatus.h:65:41: warning: 'return' with a value, in function returning void
 #define XST_FAILURE                     1L
                                         ^
../src/helloworld.c:81:10: note: in expansion of macro 'XST_FAILURE'
   return XST_FAILURE;
          ^~~~~~~~~~~
../src/helloworld.c:71:6: note: declared here
 void initMIO(){
      ^~~~~~~
'Finished building: ../src/helloworld.c'
' '
'Building target: mio_reader.elf'
'Invoking: ARM v7 gcc linker'
arm-none-eabi-gcc -mcpu=cortex-a9 -mfpu=vfpv3 -mfloat-abi=hard -Wl,-build-id=none -specs=Xilinx.spec -Wl,-T -Wl,../src/lscript.ld -L../../mio_reader_bsp/ps7_cortexa9_0/lib -o "mio_reader.elf"  ./src/helloworld.o ./src/platform.o   -Wl,--start-group,-lxil,-lgcc,-lc,--end-group
'Finished building target: mio_reader.elf'
' '
'Invoking: ARM v7 Print Size'
arm-none-eabi-size mio_reader.elf  |tee "mio_reader.elf.size"
   text	   data	    bss	    dec	    hex	filename
  27180	   1184	  22616	  50980	   c724	mio_reader.elf
'Finished building: mio_reader.elf.size'
' '
02:46:04 **** Auto Build of configuration Debug for project mio_reader ****
make pre-build main-build 
a9-linaro-pre-build-step
' '
'Building file: ../src/helloworld.c'
'Invoking: ARM v7 gcc compiler'
arm-none-eabi-gcc -Wall -O0 -g3 -c -fmessage-length=0 -MT"src/helloworld.o" -mcpu=cortex-a9 -mfpu=vfpv3 -mfloat-abi=hard -I../../mio_reader_bsp/ps7_cortexa9_0/include -MMD -MP -MF"src/helloworld.d" -MT"src/helloworld.o" -o "src/helloworld.o" "../src/helloworld.c"
In file included from ../../mio_reader_bsp/ps7_cortexa9_0/include/xgpiops.h:122:0,
                 from ../src/helloworld.c:52:
../src/helloworld.c: In function 'initMIO':
../../mio_reader_bsp/ps7_cortexa9_0/include/xstatus.h:65:41: warning: 'return' with a value, in function returning void
 #define XST_FAILURE                     1L
                                         ^
../src/helloworld.c:81:10: note: in expansion of macro 'XST_FAILURE'
   return XST_FAILURE;
          ^~~~~~~~~~~
../src/helloworld.c:71:6: note: declared here
 void initMIO(){
      ^~~~~~~
'Finished building: ../src/helloworld.c'
' '
'Building target: mio_reader.elf'
'Invoking: ARM v7 gcc linker'
arm-none-eabi-gcc -mcpu=cortex-a9 -mfpu=vfpv3 -mfloat-abi=hard -Wl,-build-id=none -specs=Xilinx.spec -Wl,-T -Wl,../src/lscript.ld -L../../mio_reader_bsp/ps7_cortexa9_0/lib -o "mio_reader.elf"  ./src/helloworld.o ./src/platform.o   -Wl,--start-group,-lxil,-lgcc,-lc,--end-group
'Finished building target: mio_reader.elf'
' '
'Invoking: ARM v7 Print Size'
arm-none-eabi-size mio_reader.elf  |tee "mio_reader.elf.size"
   text	   data	    bss	    dec	    hex	filename
  27204	   1184	  22616	  51004	   c73c	mio_reader.elf
'Finished building: mio_reader.elf.size'
' '
02:46:18 **** Auto Build of configuration Debug for project mio_reader ****
make pre-build main-build 
a9-linaro-pre-build-step
' '
'Building file: ../src/helloworld.c'
'Invoking: ARM v7 gcc compiler'
arm-none-eabi-gcc -Wall -O0 -g3 -c -fmessage-length=0 -MT"src/helloworld.o" -mcpu=cortex-a9 -mfpu=vfpv3 -mfloat-abi=hard -I../../mio_reader_bsp/ps7_cortexa9_0/include -MMD -MP -MF"src/helloworld.d" -MT"src/helloworld.o" -o "src/helloworld.o" "../src/helloworld.c"
In file included from ../../mio_reader_bsp/ps7_cortexa9_0/include/xgpiops.h:122:0,
                 from ../src/helloworld.c:52:
../src/helloworld.c: In function 'initMIO':
../../mio_reader_bsp/ps7_cortexa9_0/include/xstatus.h:65:41: warning: 'return' with a value, in function returning void
 #define XST_FAILURE                     1L
                                         ^
../src/helloworld.c:81:10: note: in expansion of macro 'XST_FAILURE'
   return XST_FAILURE;
          ^~~~~~~~~~~
../src/helloworld.c:71:6: note: declared here
 void initMIO(){
      ^~~~~~~
'Finished building: ../src/helloworld.c'
' '
'Building target: mio_reader.elf'
'Invoking: ARM v7 gcc linker'
arm-none-eabi-gcc -mcpu=cortex-a9 -mfpu=vfpv3 -mfloat-abi=hard -Wl,-build-id=none -specs=Xilinx.spec -Wl,-T -Wl,../src/lscript.ld -L../../mio_reader_bsp/ps7_cortexa9_0/lib -o "mio_reader.elf"  ./src/helloworld.o ./src/platform.o   -Wl,--start-group,-lxil,-lgcc,-lc,--end-group
'Finished building target: mio_reader.elf'
' '
'Invoking: ARM v7 Print Size'
arm-none-eabi-size mio_reader.elf  |tee "mio_reader.elf.size"
   text	   data	    bss	    dec	    hex	filename
  27204	   1184	  22616	  51004	   c73c	mio_reader.elf
'Finished building: mio_reader.elf.size'
' '
02:46:19 **** Auto Build of configuration Debug for project mio_reader_bsp_xgpiops_polled_example_1 ****
make pre-build main-build 
a9-linaro-pre-build-step
' '
'Building file: ../src/xgpiops_polled_example.c'
'Invoking: ARM v7 gcc compiler'
arm-none-eabi-gcc -Wall -O0 -g3 -c -fmessage-length=0 -MT"src/xgpiops_polled_example.o" -mcpu=cortex-a9 -mfpu=vfpv3 -mfloat-abi=hard -I../../mio_reader_bsp/ps7_cortexa9_0/include -MMD -MP -MF"src/xgpiops_polled_example.d" -MT"src/xgpiops_polled_example.o" -o "src/xgpiops_polled_example.o" "../src/xgpiops_polled_example.c"
'Finished building: ../src/xgpiops_polled_example.c'
' '
'Building target: mio_reader_bsp_xgpiops_polled_example_1.elf'
'Invoking: ARM v7 gcc linker'
arm-none-eabi-gcc -mcpu=cortex-a9 -mfpu=vfpv3 -mfloat-abi=hard -Wl,-build-id=none -specs=Xilinx.spec -Wl,-T -Wl,../src/lscript.ld -L../../mio_reader_bsp/ps7_cortexa9_0/lib -o "mio_reader_bsp_xgpiops_polled_example_1.elf"  ./src/xgpiops_polled_example.o   -Wl,--start-group,-lxil,-lgcc,-lc,--end-group
'Finished building target: mio_reader_bsp_xgpiops_polled_example_1.elf'
' '
'Invoking: ARM v7 Print Size'
arm-none-eabi-size mio_reader_bsp_xgpiops_polled_example_1.elf  |tee "mio_reader_bsp_xgpiops_polled_example_1.elf.size"
   text	   data	    bss	    dec	    hex	filename
  29916	   1160	  22616	  53692	   d1bc	mio_reader_bsp_xgpiops_polled_example_1.elf
'Finished building: mio_reader_bsp_xgpiops_polled_example_1.elf.size'
' '
02:49:02 **** Build of configuration Debug for project mio_reader_bsp_xgpio_example_1 ****
make pre-build main-build 
a9-linaro-pre-build-step
' '
'Building file: ../src/xgpio_example.c'
'Invoking: ARM v7 gcc compiler'
arm-none-eabi-gcc -Wall -O0 -g3 -c -fmessage-length=0 -MT"src/xgpio_example.o" -mcpu=cortex-a9 -mfpu=vfpv3 -mfloat-abi=hard -I../../mio_reader_bsp/ps7_cortexa9_0/include -MMD -MP -MF"src/xgpio_example.d" -MT"src/xgpio_example.o" -o "src/xgpio_example.o" "../src/xgpio_example.c"
'Finished building: ../src/xgpio_example.c'
' '
'Building target: mio_reader_bsp_xgpio_example_1.elf'
'Invoking: ARM v7 gcc linker'
arm-none-eabi-gcc -mcpu=cortex-a9 -mfpu=vfpv3 -mfloat-abi=hard -Wl,-build-id=none -specs=Xilinx.spec -Wl,-T -Wl,../src/lscript.ld -L../../mio_reader_bsp/ps7_cortexa9_0/lib -o "mio_reader_bsp_xgpio_example_1.elf"  ./src/xgpio_example.o   -Wl,--start-group,-lxil,-lgcc,-lc,--end-group
'Finished building target: mio_reader_bsp_xgpio_example_1.elf'
' '
'Invoking: ARM v7 Print Size'
arm-none-eabi-size mio_reader_bsp_xgpio_example_1.elf  |tee "mio_reader_bsp_xgpio_example_1.elf.size"
   text	   data	    bss	    dec	    hex	filename
  23712	   1168	  22600	  47480	   b978	mio_reader_bsp_xgpio_example_1.elf
'Finished building: mio_reader_bsp_xgpio_example_1.elf.size'
' '
02:49:16 **** Auto Build of configuration Debug for project mio_reader ****
make pre-build main-build 
a9-linaro-pre-build-step
' '
'Building file: ../src/helloworld.c'
'Invoking: ARM v7 gcc compiler'
arm-none-eabi-gcc -Wall -O0 -g3 -c -fmessage-length=0 -MT"src/helloworld.o" -mcpu=cortex-a9 -mfpu=vfpv3 -mfloat-abi=hard -I../../mio_reader_bsp/ps7_cortexa9_0/include -MMD -MP -MF"src/helloworld.d" -MT"src/helloworld.o" -o "src/helloworld.o" "../src/helloworld.c"
In file included from ../../mio_reader_bsp/ps7_cortexa9_0/include/xgpiops.h:122:0,
                 from ../src/helloworld.c:52:
../src/helloworld.c: In function 'initMIO':
../../mio_reader_bsp/ps7_cortexa9_0/include/xstatus.h:65:41: warning: 'return' with a value, in function returning void
 #define XST_FAILURE                     1L
                                         ^
../src/helloworld.c:82:10: note: in expansion of macro 'XST_FAILURE'
   return XST_FAILURE;
          ^~~~~~~~~~~
../src/helloworld.c:72:6: note: declared here
 void initMIO(){
      ^~~~~~~
'Finished building: ../src/helloworld.c'
' '
'Building target: mio_reader.elf'
'Invoking: ARM v7 gcc linker'
arm-none-eabi-gcc -mcpu=cortex-a9 -mfpu=vfpv3 -mfloat-abi=hard -Wl,-build-id=none -specs=Xilinx.spec -Wl,-T -Wl,../src/lscript.ld -L../../mio_reader_bsp/ps7_cortexa9_0/lib -o "mio_reader.elf"  ./src/helloworld.o ./src/platform.o   -Wl,--start-group,-lxil,-lgcc,-lc,--end-group
'Finished building target: mio_reader.elf'
' '
'Invoking: ARM v7 Print Size'
arm-none-eabi-size mio_reader.elf  |tee "mio_reader.elf.size"
   text	   data	    bss	    dec	    hex	filename
  27204	   1184	  22616	  51004	   c73c	mio_reader.elf
'Finished building: mio_reader.elf.size'
' '
02:50:47 **** Auto Build of configuration Debug for project mio_reader ****
make pre-build main-build 
a9-linaro-pre-build-step
' '
'Building file: ../src/helloworld.c'
'Invoking: ARM v7 gcc compiler'
arm-none-eabi-gcc -Wall -O0 -g3 -c -fmessage-length=0 -MT"src/helloworld.o" -mcpu=cortex-a9 -mfpu=vfpv3 -mfloat-abi=hard -I../../mio_reader_bsp/ps7_cortexa9_0/include -MMD -MP -MF"src/helloworld.d" -MT"src/helloworld.o" -o "src/helloworld.o" "../src/helloworld.c"
In file included from ../../mio_reader_bsp/ps7_cortexa9_0/include/xgpiops.h:122:0,
                 from ../src/helloworld.c:52:
../src/helloworld.c: In function 'initMIO':
../../mio_reader_bsp/ps7_cortexa9_0/include/xstatus.h:65:41: warning: 'return' with a value, in function returning void
 #define XST_FAILURE                     1L
                                         ^
../src/helloworld.c:82:10: note: in expansion of macro 'XST_FAILURE'
   return XST_FAILURE;
          ^~~~~~~~~~~
../src/helloworld.c:72:6: note: declared here
 void initMIO(){
      ^~~~~~~
'Finished building: ../src/helloworld.c'
' '
'Building target: mio_reader.elf'
'Invoking: ARM v7 gcc linker'
arm-none-eabi-gcc -mcpu=cortex-a9 -mfpu=vfpv3 -mfloat-abi=hard -Wl,-build-id=none -specs=Xilinx.spec -Wl,-T -Wl,../src/lscript.ld -L../../mio_reader_bsp/ps7_cortexa9_0/lib -o "mio_reader.elf"  ./src/helloworld.o ./src/platform.o   -Wl,--start-group,-lxil,-lgcc,-lc,--end-group
'Finished building target: mio_reader.elf'
' '
'Invoking: ARM v7 Print Size'
arm-none-eabi-size mio_reader.elf  |tee "mio_reader.elf.size"
   text	   data	    bss	    dec	    hex	filename
  27204	   1184	  22616	  51004	   c73c	mio_reader.elf
'Finished building: mio_reader.elf.size'
' '
02:50:47 **** Auto Build of configuration Debug for project mio_reader_bsp_xgpiops_polled_example_1 ****
make pre-build main-build 
a9-linaro-pre-build-step
' '
'Building file: ../src/xgpiops_polled_example.c'
'Invoking: ARM v7 gcc compiler'
arm-none-eabi-gcc -Wall -O0 -g3 -c -fmessage-length=0 -MT"src/xgpiops_polled_example.o" -mcpu=cortex-a9 -mfpu=vfpv3 -mfloat-abi=hard -I../../mio_reader_bsp/ps7_cortexa9_0/include -MMD -MP -MF"src/xgpiops_polled_example.d" -MT"src/xgpiops_polled_example.o" -o "src/xgpiops_polled_example.o" "../src/xgpiops_polled_example.c"
'Finished building: ../src/xgpiops_polled_example.c'
' '
'Building target: mio_reader_bsp_xgpiops_polled_example_1.elf'
'Invoking: ARM v7 gcc linker'
arm-none-eabi-gcc -mcpu=cortex-a9 -mfpu=vfpv3 -mfloat-abi=hard -Wl,-build-id=none -specs=Xilinx.spec -Wl,-T -Wl,../src/lscript.ld -L../../mio_reader_bsp/ps7_cortexa9_0/lib -o "mio_reader_bsp_xgpiops_polled_example_1.elf"  ./src/xgpiops_polled_example.o   -Wl,--start-group,-lxil,-lgcc,-lc,--end-group
'Finished building target: mio_reader_bsp_xgpiops_polled_example_1.elf'
' '
'Invoking: ARM v7 Print Size'
arm-none-eabi-size mio_reader_bsp_xgpiops_polled_example_1.elf  |tee "mio_reader_bsp_xgpiops_polled_example_1.elf.size"
   text	   data	    bss	    dec	    hex	filename
  29916	   1160	  22616	  53692	   d1bc	mio_reader_bsp_xgpiops_polled_example_1.elf
'Finished building: mio_reader_bsp_xgpiops_polled_example_1.elf.size'
' '
02:51:01 **** Auto Build of configuration Debug for project mio_reader ****
make pre-build main-build 
a9-linaro-pre-build-step
' '
'Building file: ../src/helloworld.c'
'Invoking: ARM v7 gcc compiler'
arm-none-eabi-gcc -Wall -O0 -g3 -c -fmessage-length=0 -MT"src/helloworld.o" -mcpu=cortex-a9 -mfpu=vfpv3 -mfloat-abi=hard -I../../mio_reader_bsp/ps7_cortexa9_0/include -MMD -MP -MF"src/helloworld.d" -MT"src/helloworld.o" -o "src/helloworld.o" "../src/helloworld.c"
In file included from ../../mio_reader_bsp/ps7_cortexa9_0/include/xgpiops.h:122:0,
                 from ../src/helloworld.c:52:
../src/helloworld.c: In function 'initMIO':
../../mio_reader_bsp/ps7_cortexa9_0/include/xstatus.h:65:41: warning: 'return' with a value, in function returning void
 #define XST_FAILURE                     1L
                                         ^
../src/helloworld.c:83:10: note: in expansion of macro 'XST_FAILURE'
   return XST_FAILURE;
          ^~~~~~~~~~~
../src/helloworld.c:73:6: note: declared here
 void initMIO(){
      ^~~~~~~
'Finished building: ../src/helloworld.c'
' '
'Building target: mio_reader.elf'
'Invoking: ARM v7 gcc linker'
arm-none-eabi-gcc -mcpu=cortex-a9 -mfpu=vfpv3 -mfloat-abi=hard -Wl,-build-id=none -specs=Xilinx.spec -Wl,-T -Wl,../src/lscript.ld -L../../mio_reader_bsp/ps7_cortexa9_0/lib -o "mio_reader.elf"  ./src/helloworld.o ./src/platform.o   -Wl,--start-group,-lxil,-lgcc,-lc,--end-group
'Finished building target: mio_reader.elf'
' '
'Invoking: ARM v7 Print Size'
arm-none-eabi-size mio_reader.elf  |tee "mio_reader.elf.size"
   text	   data	    bss	    dec	    hex	filename
  27204	   1184	  22616	  51004	   c73c	mio_reader.elf
'Finished building: mio_reader.elf.size'
' '
02:52:10 **** Auto Build of configuration Debug for project mio_reader ****
make pre-build main-build 
a9-linaro-pre-build-step
' '
'Building file: ../src/helloworld.c'
'Invoking: ARM v7 gcc compiler'
arm-none-eabi-gcc -Wall -O0 -g3 -c -fmessage-length=0 -MT"src/helloworld.o" -mcpu=cortex-a9 -mfpu=vfpv3 -mfloat-abi=hard -I../../mio_reader_bsp/ps7_cortexa9_0/include -MMD -MP -MF"src/helloworld.d" -MT"src/helloworld.o" -o "src/helloworld.o" "../src/helloworld.c"
In file included from ../../mio_reader_bsp/ps7_cortexa9_0/include/xgpiops.h:122:0,
                 from ../src/helloworld.c:52:
../src/helloworld.c: In function 'initMIO':
../../mio_reader_bsp/ps7_cortexa9_0/include/xstatus.h:65:41: warning: 'return' with a value, in function returning void
 #define XST_FAILURE                     1L
                                         ^
../src/helloworld.c:84:10: note: in expansion of macro 'XST_FAILURE'
   return XST_FAILURE;
          ^~~~~~~~~~~
../src/helloworld.c:74:6: note: declared here
 void initMIO(){
      ^~~~~~~
'Finished building: ../src/helloworld.c'
' '
'Building target: mio_reader.elf'
'Invoking: ARM v7 gcc linker'
arm-none-eabi-gcc -mcpu=cortex-a9 -mfpu=vfpv3 -mfloat-abi=hard -Wl,-build-id=none -specs=Xilinx.spec -Wl,-T -Wl,../src/lscript.ld -L../../mio_reader_bsp/ps7_cortexa9_0/lib -o "mio_reader.elf"  ./src/helloworld.o ./src/platform.o   -Wl,--start-group,-lxil,-lgcc,-lc,--end-group
'Finished building target: mio_reader.elf'
' '
'Invoking: ARM v7 Print Size'
arm-none-eabi-size mio_reader.elf  |tee "mio_reader.elf.size"
   text	   data	    bss	    dec	    hex	filename
  27204	   1184	  22632	  51020	   c74c	mio_reader.elf
'Finished building: mio_reader.elf.size'
' '
02:55:10 **** Auto Build of configuration Debug for project mio_reader ****
make pre-build main-build 
a9-linaro-pre-build-step
' '
'Building file: ../src/helloworld.c'
'Invoking: ARM v7 gcc compiler'
arm-none-eabi-gcc -Wall -O0 -g3 -c -fmessage-length=0 -MT"src/helloworld.o" -mcpu=cortex-a9 -mfpu=vfpv3 -mfloat-abi=hard -I../../mio_reader_bsp/ps7_cortexa9_0/include -MMD -MP -MF"src/helloworld.d" -MT"src/helloworld.o" -o "src/helloworld.o" "../src/helloworld.c"
In file included from ../../mio_reader_bsp/ps7_cortexa9_0/include/xgpiops.h:122:0,
                 from ../src/helloworld.c:52:
../src/helloworld.c: In function 'initMIO':
../../mio_reader_bsp/ps7_cortexa9_0/include/xstatus.h:65:41: warning: 'return' with a value, in function returning void
 #define XST_FAILURE                     1L
                                         ^
../src/helloworld.c:84:10: note: in expansion of macro 'XST_FAILURE'
   return XST_FAILURE;
          ^~~~~~~~~~~
../src/helloworld.c:74:6: note: declared here
 void initMIO(){
      ^~~~~~~
../src/helloworld.c: In function 'initPLGPIO':
../src/helloworld.c:102:35: error: 'GPIO_EXAMPLE_DEVICE_ID' undeclared (first use in this function); did you mean 'GPIOPS_DEVICE_ID'?
  Status = XGpio_Initialize(&Gpio, GPIO_EXAMPLE_DEVICE_ID);
                                   ^~~~~~~~~~~~~~~~~~~~~~
                                   GPIOPS_DEVICE_ID
../src/helloworld.c:102:35: note: each undeclared identifier is reported only once for each function it appears in
In file included from ../../mio_reader_bsp/ps7_cortexa9_0/include/xgpiops.h:122:0,
                 from ../src/helloworld.c:52:
../../mio_reader_bsp/ps7_cortexa9_0/include/xstatus.h:65:41: warning: 'return' with a value, in function returning void
 #define XST_FAILURE                     1L
                                         ^
../src/helloworld.c:105:10: note: in expansion of macro 'XST_FAILURE'
   return XST_FAILURE;
          ^~~~~~~~~~~
../src/helloworld.c:98:6: note: declared here
 void initPLGPIO(){
      ^~~~~~~~~~
../src/helloworld.c:109:32: error: 'LED_CHANNEL' undeclared (first use in this function)
  XGpio_SetDataDirection(&Gpio, LED_CHANNEL, ~LED);
                                ^~~~~~~~~~~
../src/helloworld.c:109:46: error: 'LED' undeclared (first use in this function)
  XGpio_SetDataDirection(&Gpio, LED_CHANNEL, ~LED);
                                              ^~~
make: *** [src/helloworld.o] Error 1
02:55:21 **** Auto Build of configuration Debug for project mio_reader ****
make pre-build main-build 
a9-linaro-pre-build-step
' '
'Building file: ../src/helloworld.c'
'Invoking: ARM v7 gcc compiler'
arm-none-eabi-gcc -Wall -O0 -g3 -c -fmessage-length=0 -MT"src/helloworld.o" -mcpu=cortex-a9 -mfpu=vfpv3 -mfloat-abi=hard -I../../mio_reader_bsp/ps7_cortexa9_0/include -MMD -MP -MF"src/helloworld.d" -MT"src/helloworld.o" -o "src/helloworld.o" "../src/helloworld.c"
In file included from ../../mio_reader_bsp/ps7_cortexa9_0/include/xgpiops.h:122:0,
                 from ../src/helloworld.c:52:
../src/helloworld.c: In function 'initMIO':
../../mio_reader_bsp/ps7_cortexa9_0/include/xstatus.h:65:41: warning: 'return' with a value, in function returning void
 #define XST_FAILURE                     1L
                                         ^
../src/helloworld.c:84:10: note: in expansion of macro 'XST_FAILURE'
   return XST_FAILURE;
          ^~~~~~~~~~~
../src/helloworld.c:74:6: note: declared here
 void initMIO(){
      ^~~~~~~
In file included from ../../mio_reader_bsp/ps7_cortexa9_0/include/xgpiops.h:122:0,
                 from ../src/helloworld.c:52:
../src/helloworld.c: In function 'initPLGPIO':
../../mio_reader_bsp/ps7_cortexa9_0/include/xstatus.h:65:41: warning: 'return' with a value, in function returning void
 #define XST_FAILURE                     1L
                                         ^
../src/helloworld.c:105:10: note: in expansion of macro 'XST_FAILURE'
   return XST_FAILURE;
          ^~~~~~~~~~~
../src/helloworld.c:98:6: note: declared here
 void initPLGPIO(){
      ^~~~~~~~~~
../src/helloworld.c:109:32: error: 'LED_CHANNEL' undeclared (first use in this function)
  XGpio_SetDataDirection(&Gpio, LED_CHANNEL, ~LED);
                                ^~~~~~~~~~~
../src/helloworld.c:109:32: note: each undeclared identifier is reported only once for each function it appears in
../src/helloworld.c:109:46: error: 'LED' undeclared (first use in this function)
  XGpio_SetDataDirection(&Gpio, LED_CHANNEL, ~LED);
                                              ^~~
make: *** [src/helloworld.o] Error 1
02:58:36 **** Auto Build of configuration Debug for project mio_reader ****
make pre-build main-build 
a9-linaro-pre-build-step
' '
'Building file: ../src/helloworld.c'
'Invoking: ARM v7 gcc compiler'
arm-none-eabi-gcc -Wall -O0 -g3 -c -fmessage-length=0 -MT"src/helloworld.o" -mcpu=cortex-a9 -mfpu=vfpv3 -mfloat-abi=hard -I../../mio_reader_bsp/ps7_cortexa9_0/include -MMD -MP -MF"src/helloworld.d" -MT"src/helloworld.o" -o "src/helloworld.o" "../src/helloworld.c"
In file included from ../../mio_reader_bsp/ps7_cortexa9_0/include/xgpiops.h:122:0,
                 from ../src/helloworld.c:52:
../src/helloworld.c: In function 'initMIO':
../../mio_reader_bsp/ps7_cortexa9_0/include/xstatus.h:65:41: warning: 'return' with a value, in function returning void
 #define XST_FAILURE                     1L
                                         ^
../src/helloworld.c:84:10: note: in expansion of macro 'XST_FAILURE'
   return XST_FAILURE;
          ^~~~~~~~~~~
../src/helloworld.c:74:6: note: declared here
 void initMIO(){
      ^~~~~~~
In file included from ../../mio_reader_bsp/ps7_cortexa9_0/include/xgpiops.h:122:0,
                 from ../src/helloworld.c:52:
../src/helloworld.c: In function 'initPLGPIO':
../../mio_reader_bsp/ps7_cortexa9_0/include/xstatus.h:65:41: warning: 'return' with a value, in function returning void
 #define XST_FAILURE                     1L
                                         ^
../src/helloworld.c:105:10: note: in expansion of macro 'XST_FAILURE'
   return XST_FAILURE;
          ^~~~~~~~~~~
../src/helloworld.c:98:6: note: declared here
 void initPLGPIO(){
      ^~~~~~~~~~
'Finished building: ../src/helloworld.c'
' '
'Building target: mio_reader.elf'
'Invoking: ARM v7 gcc linker'
arm-none-eabi-gcc -mcpu=cortex-a9 -mfpu=vfpv3 -mfloat-abi=hard -Wl,-build-id=none -specs=Xilinx.spec -Wl,-T -Wl,../src/lscript.ld -L../../mio_reader_bsp/ps7_cortexa9_0/lib -o "mio_reader.elf"  ./src/helloworld.o ./src/platform.o   -Wl,--start-group,-lxil,-lgcc,-lc,--end-group
'Finished building target: mio_reader.elf'
' '
'Invoking: ARM v7 Print Size'
arm-none-eabi-size mio_reader.elf  |tee "mio_reader.elf.size"
   text	   data	    bss	    dec	    hex	filename
  30588	   1200	  22632	  54420	   d494	mio_reader.elf
'Finished building: mio_reader.elf.size'
' '
03:00:40 **** Auto Build of configuration Debug for project mio_reader ****
make pre-build main-build 
a9-linaro-pre-build-step
' '
'Building file: ../src/helloworld.c'
'Invoking: ARM v7 gcc compiler'
arm-none-eabi-gcc -Wall -O0 -g3 -c -fmessage-length=0 -MT"src/helloworld.o" -mcpu=cortex-a9 -mfpu=vfpv3 -mfloat-abi=hard -I../../mio_reader_bsp/ps7_cortexa9_0/include -MMD -MP -MF"src/helloworld.d" -MT"src/helloworld.o" -o "src/helloworld.o" "../src/helloworld.c"
In file included from ../../mio_reader_bsp/ps7_cortexa9_0/include/xgpiops.h:122:0,
                 from ../src/helloworld.c:52:
../src/helloworld.c: In function 'initMIO':
../../mio_reader_bsp/ps7_cortexa9_0/include/xstatus.h:65:41: warning: 'return' with a value, in function returning void
 #define XST_FAILURE                     1L
                                         ^
../src/helloworld.c:84:10: note: in expansion of macro 'XST_FAILURE'
   return XST_FAILURE;
          ^~~~~~~~~~~
../src/helloworld.c:74:6: note: declared here
 void initMIO(){
      ^~~~~~~
In file included from ../../mio_reader_bsp/ps7_cortexa9_0/include/xgpiops.h:122:0,
                 from ../src/helloworld.c:52:
../src/helloworld.c: In function 'initPLGPIO':
../../mio_reader_bsp/ps7_cortexa9_0/include/xstatus.h:65:41: warning: 'return' with a value, in function returning void
 #define XST_FAILURE                     1L
                                         ^
../src/helloworld.c:105:10: note: in expansion of macro 'XST_FAILURE'
   return XST_FAILURE;
          ^~~~~~~~~~~
../src/helloworld.c:98:6: note: declared here
 void initPLGPIO(){
      ^~~~~~~~~~
'Finished building: ../src/helloworld.c'
' '
'Building target: mio_reader.elf'
'Invoking: ARM v7 gcc linker'
arm-none-eabi-gcc -mcpu=cortex-a9 -mfpu=vfpv3 -mfloat-abi=hard -Wl,-build-id=none -specs=Xilinx.spec -Wl,-T -Wl,../src/lscript.ld -L../../mio_reader_bsp/ps7_cortexa9_0/lib -o "mio_reader.elf"  ./src/helloworld.o ./src/platform.o   -Wl,--start-group,-lxil,-lgcc,-lc,--end-group
'Finished building target: mio_reader.elf'
' '
'Invoking: ARM v7 Print Size'
arm-none-eabi-size mio_reader.elf  |tee "mio_reader.elf.size"
   text	   data	    bss	    dec	    hex	filename
  30652	   1200	  22632	  54484	   d4d4	mio_reader.elf
'Finished building: mio_reader.elf.size'
' '
03:04:10 **** Auto Build of configuration Debug for project mio_reader ****
make pre-build main-build 
a9-linaro-pre-build-step
' '
'Building file: ../src/helloworld.c'
'Invoking: ARM v7 gcc compiler'
arm-none-eabi-gcc -Wall -O0 -g3 -c -fmessage-length=0 -MT"src/helloworld.o" -mcpu=cortex-a9 -mfpu=vfpv3 -mfloat-abi=hard -I../../mio_reader_bsp/ps7_cortexa9_0/include -MMD -MP -MF"src/helloworld.d" -MT"src/helloworld.o" -o "src/helloworld.o" "../src/helloworld.c"
In file included from ../../mio_reader_bsp/ps7_cortexa9_0/include/xgpiops.h:122:0,
                 from ../src/helloworld.c:52:
../src/helloworld.c: In function 'initMIO':
../../mio_reader_bsp/ps7_cortexa9_0/include/xstatus.h:65:41: warning: 'return' with a value, in function returning void
 #define XST_FAILURE                     1L
                                         ^
../src/helloworld.c:84:10: note: in expansion of macro 'XST_FAILURE'
   return XST_FAILURE;
          ^~~~~~~~~~~
../src/helloworld.c:74:6: note: declared here
 void initMIO(){
      ^~~~~~~
In file included from ../../mio_reader_bsp/ps7_cortexa9_0/include/xgpiops.h:122:0,
                 from ../src/helloworld.c:52:
../src/helloworld.c: In function 'initPLGPIO':
../../mio_reader_bsp/ps7_cortexa9_0/include/xstatus.h:65:41: warning: 'return' with a value, in function returning void
 #define XST_FAILURE                     1L
                                         ^
../src/helloworld.c:105:10: note: in expansion of macro 'XST_FAILURE'
   return XST_FAILURE;
          ^~~~~~~~~~~
../src/helloworld.c:98:6: note: declared here
 void initPLGPIO(){
      ^~~~~~~~~~
../src/helloworld.c: At top level:
../src/helloworld.c:116:28: error: expected declaration specifiers or '...' before ')' token
 void writeVoltage(u32 pin, ){
                            ^
../src/helloworld.c: In function 'readVoltage':
../src/helloworld.c:114:1: warning: control reaches end of non-void function [-Wreturn-type]
 }
 ^
make: *** [src/helloworld.o] Error 1
03:04:15 **** Auto Build of configuration Debug for project mio_reader ****
make pre-build main-build 
a9-linaro-pre-build-step
' '
'Building file: ../src/helloworld.c'
'Invoking: ARM v7 gcc compiler'
arm-none-eabi-gcc -Wall -O0 -g3 -c -fmessage-length=0 -MT"src/helloworld.o" -mcpu=cortex-a9 -mfpu=vfpv3 -mfloat-abi=hard -I../../mio_reader_bsp/ps7_cortexa9_0/include -MMD -MP -MF"src/helloworld.d" -MT"src/helloworld.o" -o "src/helloworld.o" "../src/helloworld.c"
In file included from ../../mio_reader_bsp/ps7_cortexa9_0/include/xgpiops.h:122:0,
                 from ../src/helloworld.c:52:
../src/helloworld.c: In function 'initMIO':
../../mio_reader_bsp/ps7_cortexa9_0/include/xstatus.h:65:41: warning: 'return' with a value, in function returning void
 #define XST_FAILURE                     1L
                                         ^
../src/helloworld.c:84:10: note: in expansion of macro 'XST_FAILURE'
   return XST_FAILURE;
          ^~~~~~~~~~~
../src/helloworld.c:74:6: note: declared here
 void initMIO(){
      ^~~~~~~
In file included from ../../mio_reader_bsp/ps7_cortexa9_0/include/xgpiops.h:122:0,
                 from ../src/helloworld.c:52:
../src/helloworld.c: In function 'initPLGPIO':
../../mio_reader_bsp/ps7_cortexa9_0/include/xstatus.h:65:41: warning: 'return' with a value, in function returning void
 #define XST_FAILURE                     1L
                                         ^
../src/helloworld.c:105:10: note: in expansion of macro 'XST_FAILURE'
   return XST_FAILURE;
          ^~~~~~~~~~~
../src/helloworld.c:98:6: note: declared here
 void initPLGPIO(){
      ^~~~~~~~~~
../src/helloworld.c: At top level:
../src/helloworld.c:116:28: error: expected declaration specifiers or '...' before ')' token
 void writeVoltage(u32 pin, ){
                            ^
../src/helloworld.c: In function 'readVoltage':
../src/helloworld.c:114:1: warning: control reaches end of non-void function [-Wreturn-type]
 }
 ^
make: *** [src/helloworld.o] Error 1
03:04:22 **** Auto Build of configuration Debug for project mio_reader ****
make pre-build main-build 
a9-linaro-pre-build-step
' '
'Building file: ../src/helloworld.c'
'Invoking: ARM v7 gcc compiler'
arm-none-eabi-gcc -Wall -O0 -g3 -c -fmessage-length=0 -MT"src/helloworld.o" -mcpu=cortex-a9 -mfpu=vfpv3 -mfloat-abi=hard -I../../mio_reader_bsp/ps7_cortexa9_0/include -MMD -MP -MF"src/helloworld.d" -MT"src/helloworld.o" -o "src/helloworld.o" "../src/helloworld.c"
In file included from ../../mio_reader_bsp/ps7_cortexa9_0/include/xgpiops.h:122:0,
                 from ../src/helloworld.c:52:
../src/helloworld.c: In function 'initMIO':
../../mio_reader_bsp/ps7_cortexa9_0/include/xstatus.h:65:41: warning: 'return' with a value, in function returning void
 #define XST_FAILURE                     1L
                                         ^
../src/helloworld.c:84:10: note: in expansion of macro 'XST_FAILURE'
   return XST_FAILURE;
          ^~~~~~~~~~~
../src/helloworld.c:74:6: note: declared here
 void initMIO(){
      ^~~~~~~
In file included from ../../mio_reader_bsp/ps7_cortexa9_0/include/xgpiops.h:122:0,
                 from ../src/helloworld.c:52:
../src/helloworld.c: In function 'initPLGPIO':
../../mio_reader_bsp/ps7_cortexa9_0/include/xstatus.h:65:41: warning: 'return' with a value, in function returning void
 #define XST_FAILURE                     1L
                                         ^
../src/helloworld.c:105:10: note: in expansion of macro 'XST_FAILURE'
   return XST_FAILURE;
          ^~~~~~~~~~~
../src/helloworld.c:98:6: note: declared here
 void initPLGPIO(){
      ^~~~~~~~~~
../src/helloworld.c: In function 'readVoltage':
../src/helloworld.c:114:1: warning: control reaches end of non-void function [-Wreturn-type]
 }
 ^
'Finished building: ../src/helloworld.c'
' '
'Building target: mio_reader.elf'
'Invoking: ARM v7 gcc linker'
[...]
'Finished building target: mio_reader.elf'
' '
'Invoking: ARM v7 Print Size'
arm-none-eabi-size mio_reader.elf  |tee "mio_reader.elf.size"
   text	   data	    bss	    dec	    hex	filename
  30780	   1176	  22632	  54588	   d53c	mio_reader.elf
'Finished building: mio_reader.elf.size'
' '
12:52:55 **** Auto Build of configuration Debug for project mio_reader ****
make pre-build main-build 
a9-linaro-pre-build-step
' '
'Building file: ../src/helloworld.c'
'Invoking: ARM v7 gcc compiler'
arm-none-eabi-gcc -Wall -O0 -g3 -c -fmessage-length=0 -MT"src/helloworld.o" -mcpu=cortex-a9 -mfpu=vfpv3 -mfloat-abi=hard -I../../mio_reader_bsp/ps7_cortexa9_0/include -MMD -MP -MF"src/helloworld.d" -MT"src/helloworld.o" -o "src/helloworld.o" "../src/helloworld.c"
In file included from ../../mio_reader_bsp/ps7_cortexa9_0/include/xgpiops.h:122:0,
                 from ../src/helloworld.c:5:
../src/helloworld.c: In function 'initMIO':
../../mio_reader_bsp/ps7_cortexa9_0/include/xstatus.h:65:41: warning: 'return' with a value, in function returning void
 #define XST_FAILURE                     1L
                                         ^
../src/helloworld.c:37:10: note: in expansion of macro 'XST_FAILURE'
   return XST_FAILURE;
          ^~~~~~~~~~~
../src/helloworld.c:27:6: note: declared here
 void initMIO(){
      ^~~~~~~
In file included from ../../mio_reader_bsp/ps7_cortexa9_0/include/xgpiops.h:122:0,
                 from ../src/helloworld.c:5:
../src/helloworld.c: In function 'initPLGPIO':
../../mio_reader_bsp/ps7_cortexa9_0/include/xstatus.h:65:41: warning: 'return' with a value, in function returning void
 #define XST_FAILURE                     1L
                                         ^
../src/helloworld.c:58:10: note: in expansion of macro 'XST_FAILURE'
   return XST_FAILURE;
          ^~~~~~~~~~~
../src/helloworld.c:51:6: note: declared here
 void initPLGPIO(){
      ^~~~~~~~~~
../src/helloworld.c: In function 'main':
../src/helloworld.c:96:9: warning: unused variable 'Data' [-Wunused-variable]
     u32 Data;
         ^~~~
'Finished building: ../src/helloworld.c'
' '
'Building target: mio_reader.elf'
'Invoking: ARM v7 gcc linker'
arm-none-eabi-gcc -mcpu=cortex-a9 -mfpu=vfpv3 -mfloat-abi=hard -Wl,-build-id=none -specs=Xilinx.spec -Wl,-T -Wl,../src/lscript.ld -L../../mio_reader_bsp/ps7_cortexa9_0/lib -o "mio_reader.elf"  ./src/helloworld.o ./src/platform.o   -Wl,--start-group,-lxil,-lgcc,-lc,--end-group
'Finished building target: mio_reader.elf'
' '
'Invoking: ARM v7 Print Size'
arm-none-eabi-size mio_reader.elf  |tee "mio_reader.elf.size"
   text	   data	    bss	    dec	    hex	filename
  30780	   1176	  22632	  54588	   d53c	mio_reader.elf
'Finished building: mio_reader.elf.size'
' '
12:53:12 **** Auto Build of configuration Debug for project mio_reader ****
make pre-build main-build 
a9-linaro-pre-build-step
' '
'Building file: ../src/helloworld.c'
'Invoking: ARM v7 gcc compiler'
arm-none-eabi-gcc -Wall -O0 -g3 -c -fmessage-length=0 -MT"src/helloworld.o" -mcpu=cortex-a9 -mfpu=vfpv3 -mfloat-abi=hard -I../../mio_reader_bsp/ps7_cortexa9_0/include -MMD -MP -MF"src/helloworld.d" -MT"src/helloworld.o" -o "src/helloworld.o" "../src/helloworld.c"
In file included from ../../mio_reader_bsp/ps7_cortexa9_0/include/xgpiops.h:122:0,
                 from ../src/helloworld.c:5:
../src/helloworld.c: In function 'initMIO':
../../mio_reader_bsp/ps7_cortexa9_0/include/xstatus.h:65:41: warning: 'return' with a value, in function returning void
 #define XST_FAILURE                     1L
                                         ^
../src/helloworld.c:37:10: note: in expansion of macro 'XST_FAILURE'
   return XST_FAILURE;
          ^~~~~~~~~~~
../src/helloworld.c:27:6: note: declared here
 void initMIO(){
      ^~~~~~~
In file included from ../../mio_reader_bsp/ps7_cortexa9_0/include/xgpiops.h:122:0,
                 from ../src/helloworld.c:5:
../src/helloworld.c: In function 'initPLGPIO':
../../mio_reader_bsp/ps7_cortexa9_0/include/xstatus.h:65:41: warning: 'return' with a value, in function returning void
 #define XST_FAILURE                     1L
                                         ^
../src/helloworld.c:58:10: note: in expansion of macro 'XST_FAILURE'
   return XST_FAILURE;
          ^~~~~~~~~~~
../src/helloworld.c:51:6: note: declared here
 void initPLGPIO(){
      ^~~~~~~~~~
../src/helloworld.c: In function 'main':
../src/helloworld.c:96:9: warning: unused variable 'Data' [-Wunused-variable]
     u32 Data;
         ^~~~
'Finished building: ../src/helloworld.c'
' '
'Building target: mio_reader.elf'
'Invoking: ARM v7 gcc linker'
arm-none-eabi-gcc -mcpu=cortex-a9 -mfpu=vfpv3 -mfloat-abi=hard -Wl,-build-id=none -specs=Xilinx.spec -Wl,-T -Wl,../src/lscript.ld -L../../mio_reader_bsp/ps7_cortexa9_0/lib -o "mio_reader.elf"  ./src/helloworld.o ./src/platform.o   -Wl,--start-group,-lxil,-lgcc,-lc,--end-group
'Finished building target: mio_reader.elf'
' '
'Invoking: ARM v7 Print Size'
arm-none-eabi-size mio_reader.elf  |tee "mio_reader.elf.size"
   text	   data	    bss	    dec	    hex	filename
  30780	   1176	  22632	  54588	   d53c	mio_reader.elf
'Finished building: mio_reader.elf.size'
' '
12:55:00 **** Auto Build of configuration Debug for project mio_reader ****
make pre-build main-build 
a9-linaro-pre-build-step
' '
'Building file: ../src/helloworld.c'
'Invoking: ARM v7 gcc compiler'
arm-none-eabi-gcc -Wall -O0 -g3 -c -fmessage-length=0 -MT"src/helloworld.o" -mcpu=cortex-a9 -mfpu=vfpv3 -mfloat-abi=hard -I../../mio_reader_bsp/ps7_cortexa9_0/include -MMD -MP -MF"src/helloworld.d" -MT"src/helloworld.o" -o "src/helloworld.o" "../src/helloworld.c"
In file included from ../../mio_reader_bsp/ps7_cortexa9_0/include/xgpiops.h:122:0,
                 from ../src/helloworld.c:5:
../src/helloworld.c: In function 'initMIO_mioreader':
../../mio_reader_bsp/ps7_cortexa9_0/include/xstatus.h:65:41: warning: 'return' with a value, in function returning void
 #define XST_FAILURE                     1L
                                         ^
../src/helloworld.c:37:10: note: in expansion of macro 'XST_FAILURE'
   return XST_FAILURE;
          ^~~~~~~~~~~
../src/helloworld.c:27:6: note: declared here
 void initMIO_mioreader(){
      ^~~~~~~~~~~~~~~~~
In file included from ../../mio_reader_bsp/ps7_cortexa9_0/include/xgpiops.h:122:0,
                 from ../src/helloworld.c:5:
../src/helloworld.c: In function 'initPLGPIO':
../../mio_reader_bsp/ps7_cortexa9_0/include/xstatus.h:65:41: warning: 'return' with a value, in function returning void
 #define XST_FAILURE                     1L
                                         ^
../src/helloworld.c:58:10: note: in expansion of macro 'XST_FAILURE'
   return XST_FAILURE;
          ^~~~~~~~~~~
../src/helloworld.c:51:6: note: declared here
 void initPLGPIO(){
      ^~~~~~~~~~
../src/helloworld.c: In function 'main':
../src/helloworld.c:101:9: warning: unused variable 'Data' [-Wunused-variable]
     u32 Data;
         ^~~~
'Finished building: ../src/helloworld.c'
' '
'Building target: mio_reader.elf'
'Invoking: ARM v7 gcc linker'
arm-none-eabi-gcc -mcpu=cortex-a9 -mfpu=vfpv3 -mfloat-abi=hard -Wl,-build-id=none -specs=Xilinx.spec -Wl,-T -Wl,../src/lscript.ld -L../../mio_reader_bsp/ps7_cortexa9_0/lib -o "mio_reader.elf"  ./src/helloworld.o ./src/platform.o   -Wl,--start-group,-lxil,-lgcc,-lc,--end-group
'Finished building target: mio_reader.elf'
' '
'Invoking: ARM v7 Print Size'
arm-none-eabi-size mio_reader.elf  |tee "mio_reader.elf.size"
   text	   data	    bss	    dec	    hex	filename
  30780	   1176	  22632	  54588	   d53c	mio_reader.elf
'Finished building: mio_reader.elf.size'
' '
12:56:49 **** Auto Build of configuration Debug for project mio_reader ****
make pre-build main-build 
a9-linaro-pre-build-step
' '
'Building file: ../src/helloworld.c'
'Invoking: ARM v7 gcc compiler'
arm-none-eabi-gcc -Wall -O0 -g3 -c -fmessage-length=0 -MT"src/helloworld.o" -mcpu=cortex-a9 -mfpu=vfpv3 -mfloat-abi=hard -I../../mio_reader_bsp/ps7_cortexa9_0/include -MMD -MP -MF"src/helloworld.d" -MT"src/helloworld.o" -o "src/helloworld.o" "../src/helloworld.c"
In file included from ../../mio_reader_bsp/ps7_cortexa9_0/include/xgpiops.h:122:0,
                 from ../src/helloworld.c:5:
../src/helloworld.c: In function 'initMIO_mioreader':
../../mio_reader_bsp/ps7_cortexa9_0/include/xstatus.h:65:41: warning: 'return' with a value, in function returning void
 #define XST_FAILURE                     1L
                                         ^
../src/helloworld.c:38:10: note: in expansion of macro 'XST_FAILURE'
   return XST_FAILURE;
          ^~~~~~~~~~~
../src/helloworld.c:28:6: note: declared here
 void initMIO_mioreader(){
      ^~~~~~~~~~~~~~~~~
../src/helloworld.c:48:35: error: 'pin9' undeclared (first use in this function); did you mean 'print'?
  XGpioPs_SetDirectionPin(&GpioPS, pin9, 0x0);
                                   ^~~~
                                   print
../src/helloworld.c:48:35: note: each undeclared identifier is reported only once for each function it appears in
In file included from ../../mio_reader_bsp/ps7_cortexa9_0/include/xgpiops.h:122:0,
                 from ../src/helloworld.c:5:
../src/helloworld.c: In function 'initPLGPIO':
../../mio_reader_bsp/ps7_cortexa9_0/include/xstatus.h:65:41: warning: 'return' with a value, in function returning void
 #define XST_FAILURE                     1L
                                         ^
../src/helloworld.c:59:10: note: in expansion of macro 'XST_FAILURE'
   return XST_FAILURE;
          ^~~~~~~~~~~
../src/helloworld.c:52:6: note: declared here
 void initPLGPIO(){
      ^~~~~~~~~~
../src/helloworld.c: In function 'main':
../src/helloworld.c:102:9: warning: unused variable 'Data' [-Wunused-variable]
     u32 Data;
         ^~~~
make: *** [src/helloworld.o] Error 1
12:57:07 **** Auto Build of configuration Debug for project mio_reader ****
make pre-build main-build 
a9-linaro-pre-build-step
' '
'Building file: ../src/helloworld.c'
'Invoking: ARM v7 gcc compiler'
arm-none-eabi-gcc -Wall -O0 -g3 -c -fmessage-length=0 -MT"src/helloworld.o" -mcpu=cortex-a9 -mfpu=vfpv3 -mfloat-abi=hard -I../../mio_reader_bsp/ps7_cortexa9_0/include -MMD -MP -MF"src/helloworld.d" -MT"src/helloworld.o" -o "src/helloworld.o" "../src/helloworld.c"
In file included from ../../mio_reader_bsp/ps7_cortexa9_0/include/xgpiops.h:122:0,
                 from ../src/helloworld.c:5:
../src/helloworld.c: In function 'initMIO_mioreader':
../../mio_reader_bsp/ps7_cortexa9_0/include/xstatus.h:65:41: warning: 'return' with a value, in function returning void
 #define XST_FAILURE                     1L
                                         ^
../src/helloworld.c:38:10: note: in expansion of macro 'XST_FAILURE'
   return XST_FAILURE;
          ^~~~~~~~~~~
../src/helloworld.c:28:6: note: declared here
 void initMIO_mioreader(){
      ^~~~~~~~~~~~~~~~~
In file included from ../../mio_reader_bsp/ps7_cortexa9_0/include/xgpiops.h:122:0,
                 from ../src/helloworld.c:5:
../src/helloworld.c: In function 'initPLGPIO':
../../mio_reader_bsp/ps7_cortexa9_0/include/xstatus.h:65:41: warning: 'return' with a value, in function returning void
 #define XST_FAILURE                     1L
                                         ^
../src/helloworld.c:59:10: note: in expansion of macro 'XST_FAILURE'
   return XST_FAILURE;
          ^~~~~~~~~~~
../src/helloworld.c:52:6: note: declared here
 void initPLGPIO(){
      ^~~~~~~~~~
../src/helloworld.c: In function 'main':
../src/helloworld.c:102:9: warning: unused variable 'Data' [-Wunused-variable]
     u32 Data;
         ^~~~
'Finished building: ../src/helloworld.c'
' '
'Building target: mio_reader.elf'
'Invoking: ARM v7 gcc linker'
arm-none-eabi-gcc -mcpu=cortex-a9 -mfpu=vfpv3 -mfloat-abi=hard -Wl,-build-id=none -specs=Xilinx.spec -Wl,-T -Wl,../src/lscript.ld -L../../mio_reader_bsp/ps7_cortexa9_0/lib -o "mio_reader.elf"  ./src/helloworld.o ./src/platform.o   -Wl,--start-group,-lxil,-lgcc,-lc,--end-group
'Finished building target: mio_reader.elf'
' '
'Invoking: ARM v7 Print Size'
arm-none-eabi-size mio_reader.elf  |tee "mio_reader.elf.size"
   text	   data	    bss	    dec	    hex	filename
  30780	   1176	  22632	  54588	   d53c	mio_reader.elf
'Finished building: mio_reader.elf.size'
' '
12:57:21 **** Auto Build of configuration Debug for project mio_reader ****
make pre-build main-build 
a9-linaro-pre-build-step
' '
'Building file: ../src/helloworld.c'
'Invoking: ARM v7 gcc compiler'
arm-none-eabi-gcc -Wall -O0 -g3 -c -fmessage-length=0 -MT"src/helloworld.o" -mcpu=cortex-a9 -mfpu=vfpv3 -mfloat-abi=hard -I../../mio_reader_bsp/ps7_cortexa9_0/include -MMD -MP -MF"src/helloworld.d" -MT"src/helloworld.o" -o "src/helloworld.o" "../src/helloworld.c"
In file included from ../../mio_reader_bsp/ps7_cortexa9_0/include/xgpiops.h:122:0,
                 from ../src/helloworld.c:5:
../src/helloworld.c: In function 'initMIO_mioreader':
../../mio_reader_bsp/ps7_cortexa9_0/include/xstatus.h:65:41: warning: 'return' with a value, in function returning void
 #define XST_FAILURE                     1L
                                         ^
../src/helloworld.c:38:10: note: in expansion of macro 'XST_FAILURE'
   return XST_FAILURE;
          ^~~~~~~~~~~
../src/helloworld.c:28:6: note: declared here
 void initMIO_mioreader(){
      ^~~~~~~~~~~~~~~~~
In file included from ../../mio_reader_bsp/ps7_cortexa9_0/include/xgpiops.h:122:0,
                 from ../src/helloworld.c:5:
../src/helloworld.c: In function 'initPLGPIO_mioreader':
../../mio_reader_bsp/ps7_cortexa9_0/include/xstatus.h:65:41: warning: 'return' with a value, in function returning void
 #define XST_FAILURE                     1L
                                         ^
../src/helloworld.c:59:10: note: in expansion of macro 'XST_FAILURE'
   return XST_FAILURE;
          ^~~~~~~~~~~
../src/helloworld.c:52:6: note: declared here
 void initPLGPIO_mioreader(){
      ^~~~~~~~~~~~~~~~~~~~
../src/helloworld.c: In function 'main':
../src/helloworld.c:102:9: warning: unused variable 'Data' [-Wunused-variable]
     u32 Data;
         ^~~~
'Finished building: ../src/helloworld.c'
' '
'Building target: mio_reader.elf'
'Invoking: ARM v7 gcc linker'
arm-none-eabi-gcc -mcpu=cortex-a9 -mfpu=vfpv3 -mfloat-abi=hard -Wl,-build-id=none -specs=Xilinx.spec -Wl,-T -Wl,../src/lscript.ld -L../../mio_reader_bsp/ps7_cortexa9_0/lib -o "mio_reader.elf"  ./src/helloworld.o ./src/platform.o   -Wl,--start-group,-lxil,-lgcc,-lc,--end-group
'Finished building target: mio_reader.elf'
' '
'Invoking: ARM v7 Print Size'
arm-none-eabi-size mio_reader.elf  |tee "mio_reader.elf.size"
   text	   data	    bss	    dec	    hex	filename
  30780	   1176	  22632	  54588	   d53c	mio_reader.elf
'Finished building: mio_reader.elf.size'
' '
12:57:33 **** Auto Build of configuration Debug for project mio_reader ****
make pre-build main-build 
a9-linaro-pre-build-step
' '
'Building file: ../src/helloworld.c'
'Invoking: ARM v7 gcc compiler'
arm-none-eabi-gcc -Wall -O0 -g3 -c -fmessage-length=0 -MT"src/helloworld.o" -mcpu=cortex-a9 -mfpu=vfpv3 -mfloat-abi=hard -I../../mio_reader_bsp/ps7_cortexa9_0/include -MMD -MP -MF"src/helloworld.d" -MT"src/helloworld.o" -o "src/helloworld.o" "../src/helloworld.c"
In file included from ../../mio_reader_bsp/ps7_cortexa9_0/include/xgpiops.h:122:0,
                 from ../src/helloworld.c:5:
../src/helloworld.c: In function 'initMIO_mioreader':
../../mio_reader_bsp/ps7_cortexa9_0/include/xstatus.h:65:41: warning: 'return' with a value, in function returning void
 #define XST_FAILURE                     1L
                                         ^
../src/helloworld.c:38:10: note: in expansion of macro 'XST_FAILURE'
   return XST_FAILURE;
          ^~~~~~~~~~~
../src/helloworld.c:28:6: note: declared here
 void initMIO_mioreader(){
      ^~~~~~~~~~~~~~~~~
In file included from ../../mio_reader_bsp/ps7_cortexa9_0/include/xgpiops.h:122:0,
                 from ../src/helloworld.c:5:
../src/helloworld.c: In function 'initPLGPIO_mioreader':
../../mio_reader_bsp/ps7_cortexa9_0/include/xstatus.h:65:41: warning: 'return' with a value, in function returning void
 #define XST_FAILURE                     1L
                                         ^
../src/helloworld.c:59:10: note: in expansion of macro 'XST_FAILURE'
   return XST_FAILURE;
          ^~~~~~~~~~~
../src/helloworld.c:52:6: note: declared here
 void initPLGPIO_mioreader(){
      ^~~~~~~~~~~~~~~~~~~~
../src/helloworld.c: In function 'main':
../src/helloworld.c:102:9: warning: unused variable 'Data' [-Wunused-variable]
     u32 Data;
         ^~~~
'Finished building: ../src/helloworld.c'
' '
'Building target: mio_reader.elf'
'Invoking: ARM v7 gcc linker'
arm-none-eabi-gcc -mcpu=cortex-a9 -mfpu=vfpv3 -mfloat-abi=hard -Wl,-build-id=none -specs=Xilinx.spec -Wl,-T -Wl,../src/lscript.ld -L../../mio_reader_bsp/ps7_cortexa9_0/lib -o "mio_reader.elf"  ./src/helloworld.o ./src/platform.o   -Wl,--start-group,-lxil,-lgcc,-lc,--end-group
'Finished building target: mio_reader.elf'
' '
'Invoking: ARM v7 Print Size'
arm-none-eabi-size mio_reader.elf  |tee "mio_reader.elf.size"
   text	   data	    bss	    dec	    hex	filename
  30780	   1176	  22632	  54588	   d53c	mio_reader.elf
'Finished building: mio_reader.elf.size'
' '
12:58:11 **** Auto Build of configuration Debug for project mio_reader ****
make pre-build main-build 
a9-linaro-pre-build-step
' '
'Building file: ../src/helloworld.c'
'Invoking: ARM v7 gcc compiler'
arm-none-eabi-gcc -Wall -O0 -g3 -c -fmessage-length=0 -MT"src/helloworld.o" -mcpu=cortex-a9 -mfpu=vfpv3 -mfloat-abi=hard -I../../mio_reader_bsp/ps7_cortexa9_0/include -MMD -MP -MF"src/helloworld.d" -MT"src/helloworld.o" -o "src/helloworld.o" "../src/helloworld.c"
In file included from ../../mio_reader_bsp/ps7_cortexa9_0/include/xgpiops.h:122:0,
                 from ../src/helloworld.c:5:
../src/helloworld.c: In function 'initMIO_mioreader':
../../mio_reader_bsp/ps7_cortexa9_0/include/xstatus.h:65:41: warning: 'return' with a value, in function returning void
 #define XST_FAILURE                     1L
                                         ^
../src/helloworld.c:38:10: note: in expansion of macro 'XST_FAILURE'
   return XST_FAILURE;
          ^~~~~~~~~~~
../src/helloworld.c:28:6: note: declared here
 void initMIO_mioreader(){
      ^~~~~~~~~~~~~~~~~
In file included from ../../mio_reader_bsp/ps7_cortexa9_0/include/xgpiops.h:122:0,
                 from ../src/helloworld.c:5:
../src/helloworld.c: In function 'initPLGPIO_mioreader':
../../mio_reader_bsp/ps7_cortexa9_0/include/xstatus.h:65:41: warning: 'return' with a value, in function returning void
 #define XST_FAILURE                     1L
                                         ^
../src/helloworld.c:59:10: note: in expansion of macro 'XST_FAILURE'
   return XST_FAILURE;
          ^~~~~~~~~~~
../src/helloworld.c:52:6: note: declared here
 void initPLGPIO_mioreader(){
      ^~~~~~~~~~~~~~~~~~~~
../src/helloworld.c: In function 'main':
../src/helloworld.c:103:9: warning: unused variable 'Data' [-Wunused-variable]
     u32 Data;
         ^~~~
'Finished building: ../src/helloworld.c'
' '
'Building target: mio_reader.elf'
'Invoking: ARM v7 gcc linker'
arm-none-eabi-gcc -mcpu=cortex-a9 -mfpu=vfpv3 -mfloat-abi=hard -Wl,-build-id=none -specs=Xilinx.spec -Wl,-T -Wl,../src/lscript.ld -L../../mio_reader_bsp/ps7_cortexa9_0/lib -o "mio_reader.elf"  ./src/helloworld.o ./src/platform.o   -Wl,--start-group,-lxil,-lgcc,-lc,--end-group
'Finished building target: mio_reader.elf'
' '
'Invoking: ARM v7 Print Size'
arm-none-eabi-size mio_reader.elf  |tee "mio_reader.elf.size"
   text	   data	    bss	    dec	    hex	filename
  30780	   1176	  22632	  54588	   d53c	mio_reader.elf
'Finished building: mio_reader.elf.size'
' '
