12:58:11 **** Auto Build of configuration Debug for project mio_reader ****
make pre-build main-build 
a9-linaro-pre-build-step
' '
'Building file: ../src/helloworld.c'
'Invoking: ARM v7 gcc compiler'
arm-none-eabi-gcc -Wall -O0 -g3 -c -fmessage-length=0 -MT"src/helloworld.o" -mcpu=cortex-a9 -mfpu=vfpv3 -mfloat-abi=hard -I../../mio_reader_bsp/ps7_cortexa9_0/include -MMD -MP -MF"src/helloworld.d" -MT"src/helloworld.o" -o "src/helloworld.o" "../src/helloworld.c"
In file included from ../../mio_reader_bsp/ps7_cortexa9_0/include/xgpiops.h:122:0,
                 from ../src/helloworld.c:5:
../src/helloworld.c: In function 'initMIO_mioreader':
../../mio_reader_bsp/ps7_cortexa9_0/include/xstatus.h:65:41: warning: 'return' with a value, in function returning void
 #define XST_FAILURE                     1L
                                         ^
../src/helloworld.c:38:10: note: in expansion of macro 'XST_FAILURE'
   return XST_FAILURE;
          ^~~~~~~~~~~
../src/helloworld.c:28:6: note: declared here
 void initMIO_mioreader(){
      ^~~~~~~~~~~~~~~~~
In file included from ../../mio_reader_bsp/ps7_cortexa9_0/include/xgpiops.h:122:0,
                 from ../src/helloworld.c:5:
../src/helloworld.c: In function 'initPLGPIO_mioreader':
../../mio_reader_bsp/ps7_cortexa9_0/include/xstatus.h:65:41: warning: 'return' with a value, in function returning void
 #define XST_FAILURE                     1L
                                         ^
../src/helloworld.c:59:10: note: in expansion of macro 'XST_FAILURE'
   return XST_FAILURE;
          ^~~~~~~~~~~
../src/helloworld.c:52:6: note: declared here
 void initPLGPIO_mioreader(){
      ^~~~~~~~~~~~~~~~~~~~
../src/helloworld.c: In function 'main':
../src/helloworld.c:103:9: warning: unused variable 'Data' [-Wunused-variable]
     u32 Data;
         ^~~~
'Finished building: ../src/helloworld.c'
' '
'Building target: mio_reader.elf'
'Invoking: ARM v7 gcc linker'
arm-none-eabi-gcc -mcpu=cortex-a9 -mfpu=vfpv3 -mfloat-abi=hard -Wl,-build-id=none -specs=Xilinx.spec -Wl,-T -Wl,../src/lscript.ld -L../../mio_reader_bsp/ps7_cortexa9_0/lib -o "mio_reader.elf"  ./src/helloworld.o ./src/platform.o   -Wl,--start-group,-lxil,-lgcc,-lc,--end-group
'Finished building target: mio_reader.elf'
' '
'Invoking: ARM v7 Print Size'
arm-none-eabi-size mio_reader.elf  |tee "mio_reader.elf.size"
   text	   data	    bss	    dec	    hex	filename
  30780	   1176	  22632	  54588	   d53c	mio_reader.elf
'Finished building: mio_reader.elf.size'
' '

12:58:11 Build Finished (took 654ms)

